Component: ARM Compiler 5.06 update 6 (build 750) Tool: armlink [4d35ed]

==============================================================================

Section Cross References

    main.o(i.ComplementaryFilter) refers to fadd.o(.text) for __aeabi_fsub
    main.o(i.ComplementaryFilter) refers to fmul.o(.text) for __aeabi_fmul
    main.o(i.ComplementaryFilter) refers to main.o(.data) for a
    main.o(i.main) refers to systick.o(i.SysTick_Init) for SysTick_Init
    main.o(i.main) refers to stepper.o(i.Stepper_Init) for Stepper_Init
    main.o(i.main) refers to key.o(i.KEY_Init) for KEY_Init
    main.o(i.main) refers to usart.o(i.uart_init) for uart_init
    main.o(i.main) refers to oled.o(i.OLED_Init) for OLED_Init
    main.o(i.main) refers to servo.o(i.Servo_Init) for Servo_Init
    main.o(i.main) refers to bsp_i2c.o(i.i2c_GPIO_Config) for i2c_GPIO_Config
    main.o(i.main) refers to oled.o(i.OLED_Clear) for OLED_Clear
    main.o(i.main) refers to mpu6050.o(i.MPU6050_Init) for MPU6050_Init
    main.o(i.main) refers to light.o(i.Light_Init) for Light_Init
    main.o(i.main) refers to oled.o(i.OLED_ShowCHinese) for OLED_ShowCHinese
    main.o(i.main) refers to oled.o(i.OLED_ShowString) for OLED_ShowString
    main.o(i.main) refers to mpu6050.o(i.MPU6050ReadID) for MPU6050ReadID
    main.o(i.main) refers to control.o(i.control) for control
    main.o(i.main) refers to control.o(i.control1) for control1
    main.o(i.main) refers to mpu6050.o(i.MPU6050ReadAcc) for MPU6050ReadAcc
    main.o(i.main) refers to mpu6050.o(i.MPU6050ReadGyro) for MPU6050ReadGyro
    main.o(i.main) refers to dflti.o(.text) for __aeabi_i2d
    main.o(i.main) refers to ddiv.o(.text) for __aeabi_ddiv
    main.o(i.main) refers to d2f.o(.text) for __aeabi_d2f
    main.o(i.main) refers to f2d.o(.text) for __aeabi_f2d
    main.o(i.main) refers to atan2.o(i.atan2) for atan2
    main.o(i.main) refers to dmul.o(.text) for __aeabi_dmul
    main.o(i.main) refers to main.o(i.ComplementaryFilter) for ComplementaryFilter
    main.o(i.main) refers to ffixui.o(.text) for __aeabi_f2uiz
    main.o(i.main) refers to oled.o(i.OLED_ShowNum) for OLED_ShowNum
    main.o(i.main) refers to main.o(.data) for x_fAcc
    control.o(i.control) refers to key.o(i.KEY_Scan) for KEY_Scan
    control.o(i.control) refers to oled.o(i.OLED_Clear) for OLED_Clear
    control.o(i.control) refers to oled.o(i.OLED_ShowString) for OLED_ShowString
    control.o(i.control) refers to oled.o(i.OLED_ShowCHinese) for OLED_ShowCHinese
    control.o(i.control) refers to control.o(i.goback) for goback
    control.o(i.control) refers to control.o(i.gostraight) for gostraight
    control.o(i.control) refers to control.o(i.goackstraight) for goackstraight
    control.o(i.control) refers to systick.o(i.delay_ms) for delay_ms
    control.o(i.control) refers to servo.o(i.shooting) for shooting
    control.o(i.control) refers to control.o(i.goackback) for goackback
    control.o(i.control) refers to cfrcmple.o(.text) for __aeabi_cfrcmple
    control.o(i.control) refers to main.o(.data) for g_fAccAngle
    control.o(i.control) refers to control.o(.data) for q
    control.o(i.control) refers to usart.o(.data) for control_data
    control.o(i.control1) refers to stm32f10x_gpio.o(i.GPIO_ReadInputDataBit) for GPIO_ReadInputDataBit
    control.o(i.control1) refers to systick.o(i.delay_ms) for delay_ms
    control.o(i.control1) refers to f2d.o(.text) for __aeabi_f2d
    control.o(i.control1) refers to dadd.o(.text) for __aeabi_dadd
    control.o(i.control1) refers to d2f.o(.text) for __aeabi_d2f
    control.o(i.control1) refers to cfrcmple.o(.text) for __aeabi_cfrcmple
    control.o(i.control1) refers to ffixui.o(.text) for __aeabi_f2uiz
    control.o(i.control1) refers to oled.o(i.OLED_ShowNum) for OLED_ShowNum
    control.o(i.control1) refers to cfcmple.o(.text) for __aeabi_cfcmple
    control.o(i.control1) refers to control.o(i.fire) for fire
    control.o(i.control1) refers to control.o(.data) for i
    control.o(i.fire) refers to stm32f10x_gpio.o(i.GPIO_ReadInputDataBit) for GPIO_ReadInputDataBit
    control.o(i.fire) refers to systick.o(i.delay_ms) for delay_ms
    control.o(i.fire) refers to cfrcmple.o(.text) for __aeabi_cfrcmple
    control.o(i.fire) refers to fadd.o(.text) for __aeabi_fsub
    control.o(i.fire) refers to ffixi.o(.text) for __aeabi_f2iz
    control.o(i.fire) refers to control.o(i.gostraight1) for gostraight1
    control.o(i.fire) refers to cfcmple.o(.text) for __aeabi_cfcmple
    control.o(i.fire) refers to control.o(i.goback1) for goback1
    control.o(i.fire) refers to f2d.o(.text) for __aeabi_f2d
    control.o(i.fire) refers to dmul.o(.text) for __aeabi_dmul
    control.o(i.fire) refers to dfixi.o(.text) for __aeabi_d2iz
    control.o(i.fire) refers to control.o(i.goackstraight1) for goackstraight1
    control.o(i.fire) refers to servo.o(i.shooting) for shooting
    control.o(i.fire) refers to control.o(.data) for t
[...]
    Removing stm32f10x_flash.o(i.FLASH_SetLatency), (24 bytes).
    Removing stm32f10x_flash.o(i.FLASH_Unlock), (24 bytes).
    Removing stm32f10x_flash.o(i.FLASH_UnlockBank1), (24 bytes).
    Removing stm32f10x_flash.o(i.FLASH_UserOptionByteConfig), (104 bytes).
    Removing stm32f10x_flash.o(i.FLASH_WaitForLastBank1Operation), (38 bytes).
    Removing stm32f10x_flash.o(i.FLASH_WaitForLastOperation), (38 bytes).
    Removing stm32f10x_fsmc.o(i.FSMC_ClearFlag), (64 bytes).
    Removing stm32f10x_fsmc.o(i.FSMC_ClearITPendingBit), (72 bytes).
    Removing stm32f10x_fsmc.o(i.FSMC_GetECC), (28 bytes).
    Removing stm32f10x_fsmc.o(i.FSMC_GetFlagStatus), (56 bytes).
    Removing stm32f10x_fsmc.o(i.FSMC_GetITStatus), (68 bytes).
    Removing stm32f10x_fsmc.o(i.FSMC_ITConfig), (128 bytes).
    Removing stm32f10x_fsmc.o(i.FSMC_NANDCmd), (92 bytes).
    Removing stm32f10x_fsmc.o(i.FSMC_NANDDeInit), (68 bytes).
    Removing stm32f10x_fsmc.o(i.FSMC_NANDECCCmd), (92 bytes).
    Removing stm32f10x_fsmc.o(i.FSMC_NANDInit), (136 bytes).
    Removing stm32f10x_fsmc.o(i.FSMC_NANDStructInit), (54 bytes).
    Removing stm32f10x_fsmc.o(i.FSMC_NORSRAMCmd), (52 bytes).
    Removing stm32f10x_fsmc.o(i.FSMC_NORSRAMDeInit), (54 bytes).
    Removing stm32f10x_fsmc.o(i.FSMC_NORSRAMInit), (230 bytes).
    Removing stm32f10x_fsmc.o(i.FSMC_NORSRAMStructInit), (114 bytes).
    Removing stm32f10x_fsmc.o(i.FSMC_PCCARDCmd), (48 bytes).
    Removing stm32f10x_fsmc.o(i.FSMC_PCCARDDeInit), (40 bytes).
    Removing stm32f10x_fsmc.o(i.FSMC_PCCARDInit), (132 bytes).
    Removing stm32f10x_fsmc.o(i.FSMC_PCCARDStructInit), (60 bytes).
    Removing stm32f10x_i2c.o(i.I2C_ARPCmd), (24 bytes).
    Removing stm32f10x_i2c.o(i.I2C_AcknowledgeConfig), (24 bytes).
    Removing stm32f10x_i2c.o(i.I2C_CalculatePEC), (24 bytes).
    Removing stm32f10x_i2c.o(i.I2C_CheckEvent), (42 bytes).
    Removing stm32f10x_i2c.o(i.I2C_ClearFlag), (12 bytes).
    Removing stm32f10x_i2c.o(i.I2C_ClearITPendingBit), (12 bytes).
    Removing stm32f10x_i2c.o(i.I2C_Cmd), (24 bytes).
    Removing stm32f10x_i2c.o(i.I2C_DMACmd), (24 bytes).
    Removing stm32f10x_i2c.o(i.I2C_DMALastTransferCmd), (24 bytes).
    Removing stm32f10x_i2c.o(i.I2C_DeInit), (56 bytes).
    Removing stm32f10x_i2c.o(i.I2C_DualAddressCmd), (24 bytes).
    Removing stm32f10x_i2c.o(i.I2C_FastModeDutyCycleConfig), (28 bytes).
    Removing stm32f10x_i2c.o(i.I2C_GeneralCallCmd), (24 bytes).
    Removing stm32f10x_i2c.o(i.I2C_GenerateSTART), (24 bytes).
    Removing stm32f10x_i2c.o(i.I2C_GenerateSTOP), (24 bytes).
    Removing stm32f10x_i2c.o(i.I2C_GetFlagStatus), (58 bytes).
    Removing stm32f10x_i2c.o(i.I2C_GetITStatus), (38 bytes).
    Removing stm32f10x_i2c.o(i.I2C_GetLastEvent), (26 bytes).
    Removing stm32f10x_i2c.o(i.I2C_GetPEC), (8 bytes).
    Removing stm32f10x_i2c.o(i.I2C_ITConfig), (18 bytes).
    Removing stm32f10x_i2c.o(i.I2C_Init), (236 bytes).
    Removing stm32f10x_i2c.o(i.I2C_NACKPositionConfig), (28 bytes).
    Removing stm32f10x_i2c.o(i.I2C_OwnAddress2Config), (22 bytes).
    Removing stm32f10x_i2c.o(i.I2C_PECPositionConfig), (28 bytes).
    Removing stm32f10x_i2c.o(i.I2C_ReadRegister), (22 bytes).
    Removing stm32f10x_i2c.o(i.I2C_ReceiveData), (8 bytes).
    Removing stm32f10x_i2c.o(i.I2C_SMBusAlertConfig), (28 bytes).
    Removing stm32f10x_i2c.o(i.I2C_Send7bitAddress), (18 bytes).
    Removing stm32f10x_i2c.o(i.I2C_SendData), (4 bytes).
    Removing stm32f10x_i2c.o(i.I2C_SoftwareResetCmd), (22 bytes).
    Removing stm32f10x_i2c.o(i.I2C_StretchClockCmd), (24 bytes).
    Removing stm32f10x_i2c.o(i.I2C_StructInit), (30 bytes).
    Removing stm32f10x_i2c.o(i.I2C_TransmitPEC), (24 bytes).
    Removing stm32f10x_iwdg.o(i.IWDG_Enable), (16 bytes).
    Removing stm32f10x_iwdg.o(i.IWDG_GetFlagStatus), (24 bytes).
    Removing stm32f10x_iwdg.o(i.IWDG_ReloadCounter), (16 bytes).
    Removing stm32f10x_iwdg.o(i.IWDG_SetPrescaler), (12 bytes).
    Removing stm32f10x_iwdg.o(i.IWDG_SetReload), (12 bytes).
    Removing stm32f10x_iwdg.o(i.IWDG_WriteAccessCmd), (12 bytes).
    Removing stm32f10x_pwr.o(i.PWR_BackupAccessCmd), (12 bytes).
    Removing stm32f10x_pwr.o(i.PWR_ClearFlag), (20 bytes).
    Removing stm32f10x_pwr.o(i.PWR_DeInit), (22 bytes).
    Removing stm32f10x_pwr.o(i.PWR_EnterSTANDBYMode), (52 bytes).
    Removing stm32f10x_pwr.o(i.PWR_EnterSTOPMode), (64 bytes).
    Removing stm32f10x_pwr.o(i.PWR_GetFlagStatus), (24 bytes).
    Removing stm32f10x_pwr.o(i.PWR_PVDCmd), (12 bytes).
    Removing stm32f10x_pwr.o(i.PWR_PVDLevelConfig), (24 bytes).
    Removing stm32f10x_pwr.o(i.PWR_WakeUpPinCmd), (12 bytes).
    Removing stm32f10x_rtc.o(i.RTC_ClearFlag), (16 bytes).
    Removing stm32f10x_rtc.o(i.RTC_ClearITPendingBit), (16 bytes).
    Removing stm32f10x_rtc.o(i.RTC_EnterConfigMode), (20 bytes).
    Removing stm32f10x_rtc.o(i.RTC_ExitConfigMode), (20 bytes).
    Removing stm32f10x_rtc.o(i.RTC_GetCounter), (20 bytes).
    Removing stm32f10x_rtc.o(i.RTC_GetDivider), (24 bytes).
    Removing stm32f10x_rtc.o(i.RTC_GetFlagStatus), (24 bytes).
    Removing stm32f10x_rtc.o(i.RTC_GetITStatus), (36 bytes).
    Removing stm32f10x_rtc.o(i.RTC_ITConfig), (32 bytes).
    Removing stm32f10x_rtc.o(i.RTC_SetAlarm), (28 bytes).
    Removing stm32f10x_rtc.o(i.RTC_SetCounter), (28 bytes).
    Removing stm32f10x_rtc.o(i.RTC_SetPrescaler), (32 bytes).
    Removing stm32f10x_rtc.o(i.RTC_WaitForLastTask), (20 bytes).
    Removing stm32f10x_rtc.o(i.RTC_WaitForSynchro), (36 bytes).
    Removing stm32f10x_sdio.o(i.SDIO_CEATAITCmd), (16 bytes).
    Removing stm32f10x_sdio.o(i.SDIO_ClearFlag), (12 bytes).
    Removing stm32f10x_sdio.o(i.SDIO_ClearITPendingBit), (12 bytes).
    Removing stm32f10x_sdio.o(i.SDIO_ClockCmd), (12 bytes).
    Removing stm32f10x_sdio.o(i.SDIO_CmdStructInit), (14 bytes).
    Removing stm32f10x_sdio.o(i.SDIO_CommandCompletionCmd), (12 bytes).
    Removing stm32f10x_sdio.o(i.SDIO_DMACmd), (12 bytes).
    Removing stm32f10x_sdio.o(i.SDIO_DataConfig), (48 bytes).
    Removing stm32f10x_sdio.o(i.SDIO_DataStructInit), (20 bytes).
    Removing stm32f10x_sdio.o(i.SDIO_DeInit), (36 bytes).
    Removing stm32f10x_sdio.o(i.SDIO_GetCommandResponse), (12 bytes).
    Removing stm32f10x_sdio.o(i.SDIO_GetDataCounter), (12 bytes).
    Removing stm32f10x_sdio.o(i.SDIO_GetFIFOCount), (12 bytes).
    Removing stm32f10x_sdio.o(i.SDIO_GetFlagStatus), (24 bytes).
    Removing stm32f10x_sdio.o(i.SDIO_GetITStatus), (24 bytes).
    Removing stm32f10x_sdio.o(i.SDIO_GetPowerState), (16 bytes).
    Removing stm32f10x_sdio.o(i.SDIO_GetResponse), (24 bytes).
    Removing stm32f10x_sdio.o(i.SDIO_ITConfig), (32 bytes).
    Removing stm32f10x_sdio.o(i.SDIO_Init), (48 bytes).
    Removing stm32f10x_sdio.o(i.SDIO_ReadData), (12 bytes).
    Removing stm32f10x_sdio.o(i.SDIO_SendCEATACmd), (12 bytes).
    Removing stm32f10x_sdio.o(i.SDIO_SendCommand), (44 bytes).
    Removing stm32f10x_sdio.o(i.SDIO_SendSDIOSuspendCmd), (12 bytes).
    Removing stm32f10x_sdio.o(i.SDIO_SetPowerState), (28 bytes).
    Removing stm32f10x_sdio.o(i.SDIO_SetSDIOOperation), (12 bytes).
    Removing stm32f10x_sdio.o(i.SDIO_SetSDIOReadWaitMode), (12 bytes).
    Removing stm32f10x_sdio.o(i.SDIO_StartSDIOReadWait), (12 bytes).
    Removing stm32f10x_sdio.o(i.SDIO_StopSDIOReadWait), (12 bytes).
    Removing stm32f10x_sdio.o(i.SDIO_StructInit), (16 bytes).
    Removing stm32f10x_sdio.o(i.SDIO_WriteData), (12 bytes).
    Removing stm32f10x_spi.o(i.I2S_Cmd), (24 bytes).
    Removing stm32f10x_spi.o(i.I2S_Init), (232 bytes).
    Removing stm32f10x_spi.o(i.I2S_StructInit), (20 bytes).
    Removing stm32f10x_spi.o(i.SPI_BiDirectionalLineConfig), (28 bytes).
    Removing stm32f10x_spi.o(i.SPI_CalculateCRC), (24 bytes).
    Removing stm32f10x_spi.o(i.SPI_Cmd), (24 bytes).
    Removing stm32f10x_spi.o(i.SPI_DataSizeConfig), (18 bytes).
    Removing stm32f10x_spi.o(i.SPI_GetCRC), (16 bytes).
    Removing stm32f10x_spi.o(i.SPI_GetCRCPolynomial), (6 bytes).
    Removing stm32f10x_spi.o(i.SPI_I2S_ClearFlag), (6 bytes).
    Removing stm32f10x_spi.o(i.SPI_I2S_ClearITPendingBit), (20 bytes).
    Removing stm32f10x_spi.o(i.SPI_I2S_DMACmd), (18 bytes).
    Removing stm32f10x_spi.o(i.SPI_I2S_DeInit), (88 bytes).
    Removing stm32f10x_spi.o(i.SPI_I2S_GetFlagStatus), (18 bytes).
    Removing stm32f10x_spi.o(i.SPI_I2S_GetITStatus), (52 bytes).
    Removing stm32f10x_spi.o(i.SPI_I2S_ITConfig), (32 bytes).
    Removing stm32f10x_spi.o(i.SPI_I2S_ReceiveData), (6 bytes).
    Removing stm32f10x_spi.o(i.SPI_I2S_SendData), (4 bytes).
    Removing stm32f10x_spi.o(i.SPI_Init), (60 bytes).
    Removing stm32f10x_spi.o(i.SPI_NSSInternalSoftwareConfig), (30 bytes).
    Removing stm32f10x_spi.o(i.SPI_SSOutputCmd), (24 bytes).
    Removing stm32f10x_spi.o(i.SPI_StructInit), (24 bytes).
    Removing stm32f10x_spi.o(i.SPI_TransmitCRC), (10 bytes).
    Removing stm32f10x_usart.o(i.USART_ClearFlag), (18 bytes).
    Removing stm32f10x_usart.o(i.USART_ClearITPendingBit), (30 bytes).
    Removing stm32f10x_usart.o(i.USART_ClockInit), (34 bytes).
    Removing stm32f10x_usart.o(i.USART_ClockStructInit), (12 bytes).
    Removing stm32f10x_usart.o(i.USART_DMACmd), (18 bytes).
    Removing stm32f10x_usart.o(i.USART_DeInit), (156 bytes).
    Removing stm32f10x_usart.o(i.USART_GetFlagStatus), (26 bytes).
    Removing stm32f10x_usart.o(i.USART_HalfDuplexCmd), (24 bytes).
    Removing stm32f10x_usart.o(i.USART_IrDACmd), (24 bytes).
    Removing stm32f10x_usart.o(i.USART_IrDAConfig), (18 bytes).
    Removing stm32f10x_usart.o(i.USART_LINBreakDetectLengthConfig), (18 bytes).
    Removing stm32f10x_usart.o(i.USART_LINCmd), (24 bytes).
    Removing stm32f10x_usart.o(i.USART_OneBitMethodCmd), (24 bytes).
    Removing stm32f10x_usart.o(i.USART_OverSampling8Cmd), (22 bytes).
    Removing stm32f10x_usart.o(i.USART_ReceiverWakeUpCmd), (24 bytes).
    Removing stm32f10x_usart.o(i.USART_SendBreak), (10 bytes).
    Removing stm32f10x_usart.o(i.USART_SendData), (8 bytes).
    Removing stm32f10x_usart.o(i.USART_SetAddress), (18 bytes).
    Removing stm32f10x_usart.o(i.USART_SetGuardTime), (16 bytes).
    Removing stm32f10x_usart.o(i.USART_SetPrescaler), (16 bytes).
    Removing stm32f10x_usart.o(i.USART_SmartCardCmd), (24 bytes).
    Removing stm32f10x_usart.o(i.USART_SmartCardNACKCmd), (24 bytes).
    Removing stm32f10x_usart.o(i.USART_StructInit), (24 bytes).
    Removing stm32f10x_usart.o(i.USART_WakeUpConfig), (18 bytes).
    Removing stm32f10x_wwdg.o(i.WWDG_ClearFlag), (12 bytes).
    Removing stm32f10x_wwdg.o(i.WWDG_DeInit), (22 bytes).
    Removing stm32f10x_wwdg.o(i.WWDG_Enable), (16 bytes).
    Removing stm32f10x_wwdg.o(i.WWDG_EnableIT), (12 bytes).
    Removing stm32f10x_wwdg.o(i.WWDG_GetFlagStatus), (12 bytes).
    Removing stm32f10x_wwdg.o(i.WWDG_SetCounter), (16 bytes).
    Removing stm32f10x_wwdg.o(i.WWDG_SetPrescaler), (24 bytes).
    Removing stm32f10x_wwdg.o(i.WWDG_SetWindowValue), (40 bytes).
    Removing system_stm32f10x.o(i.SystemCoreClockUpdate), (164 bytes).
    Removing system_stm32f10x.o(.data), (20 bytes).
    Removing core_cm3.o(.emb_text), (32 bytes).
    Removing usart.o(i._sys_exit), (6 bytes).
    Removing usart.o(.bss), (200 bytes).
    Removing oled.o(i.OLED_Display_Off), (28 bytes).
    Removing oled.o(i.OLED_Display_On), (28 bytes).
    Removing oled.o(i.OLED_DrawBMP), (118 bytes).
    Removing oled.o(i.OLED_On), (62 bytes).
    Removing oled.o(i.fill_picture), (64 bytes).
    Removing bsp_i2c.o(i.i2c_CheckDevice), (32 bytes).
    Removing mpu6050.o(i.MPU6050ReadTemp), (32 bytes).
    Removing mpu6050.o(i.MPU6050_ReturnTemp), (84 bytes).
    Removing systick.o(i.delay_s), (26 bytes).
    Removing systick.o(i.delay_us), (76 bytes).
    Removing dfixul.o(.text), (48 bytes).
    Removing cdrcmple.o(.text), (48 bytes).

468 unused section(s) (total 19052 bytes) removed from the image.

==============================================================================

Image Symbol Table

    Local Symbols

    Symbol Name                              Value     Ov Type        Size  Object(Section)

    ../clib/../cmprslib/zerorunl2.c          0x00000000   Number         0  __dczerorl2.o ABSOLUTE
    ../clib/microlib/division.c              0x00000000   Number         0  uldiv.o ABSOLUTE
    ../clib/microlib/division.c              0x00000000   Number         0  uidiv.o ABSOLUTE
    ../clib/microlib/errno.c                 0x00000000   Number         0  errno.o ABSOLUTE
    ../clib/microlib/init/entry.s            0x00000000   Number         0  entry9b.o ABSOLUTE
    ../clib/microlib/init/entry.s            0x00000000   Number         0  entry11a.o ABSOLUTE
    ../clib/microlib/init/entry.s            0x00000000   Number         0  entry.o ABSOLUTE
    ../clib/microlib/init/entry.s            0x00000000   Number         0  entry2.o ABSOLUTE
    ../clib/microlib/init/entry.s            0x00000000   Number         0  entry11b.o ABSOLUTE
    ../clib/microlib/init/entry.s            0x00000000   Number         0  entry10b.o ABSOLUTE
    ../clib/microlib/init/entry.s            0x00000000   Number         0  entry9a.o ABSOLUTE
    ../clib/microlib/init/entry.s            0x00000000   Number         0  entry5.o ABSOLUTE
    ../clib/microlib/init/entry.s            0x00000000   Number         0  entry7a.o ABSOLUTE
    ../clib/microlib/init/entry.s            0x00000000   Number         0  entry7b.o ABSOLUTE
    ../clib/microlib/init/entry.s            0x00000000   Number         0  entry8b.o ABSOLUTE
    ../clib/microlib/init/entry.s            0x00000000   Number         0  entry8a.o ABSOLUTE
    ../clib/microlib/init/entry.s            0x00000000   Number         0  entry10a.o ABSOLUTE
    ../clib/microlib/longlong.c              0x00000000   Number         0  llsshr.o ABSOLUTE
    ../clib/microlib/longlong.c              0x00000000   Number         0  llushr.o ABSOLUTE
    ../clib/microlib/longlong.c              0x00000000   Number         0  llshl.o ABSOLUTE
    ../clib/microlib/printf/printf.c         0x00000000   Number         0  printfb.o ABSOLUTE
    ../clib/microlib/printf/printf.c         0x00000000   Number         0  printfa.o ABSOLUTE
    ../clib/microlib/printf/printf.c         0x00000000   Number         0  printf5.o ABSOLUTE
    ../clib/microlib/printf/printf.c         0x00000000   Number         0  printf8.o ABSOLUTE
    ../clib/microlib/printf/printf.c         0x00000000   Number         0  printf6.o ABSOLUTE
    ../clib/microlib/printf/printf.c         0x00000000   Number         0  printf4.o ABSOLUTE
    ../clib/microlib/printf/printf.c         0x00000000   Number         0  printf3.o ABSOLUTE
    ../clib/microlib/printf/printf.c         0x00000000   Number         0  printf2.o ABSOLUTE
    ../clib/microlib/printf/printf.c         0x00000000   Number         0  printf1.o ABSOLUTE
    ../clib/microlib/printf/printf.c         0x00000000   Number         0  printf0.o ABSOLUTE
    ../clib/microlib/printf/printf.c         0x00000000   Number         0  printf7.o ABSOLUTE
    ../clib/microlib/printf/stubs.s          0x00000000   Number         0  stubs.o ABSOLUTE
    ../clib/microlib/stubs.s                 0x00000000   Number         0  useno.o ABSOLUTE
    ../clib/microlib/stubs.s                 0x00000000   Number         0  iusefp.o ABSOLUTE
    ../fplib/microlib/d2f.c                  0x00000000   Number         0  d2f.o ABSOLUTE
    ../fplib/microlib/f2d.c                  0x00000000   Number         0  f2d.o ABSOLUTE
    ../fplib/microlib/fpadd.c                0x00000000   Number         0  dadd.o ABSOLUTE
    ../fplib/microlib/fpadd.c                0x00000000   Number         0  fadd.o ABSOLUTE
    ../fplib/microlib/fpdiv.c                0x00000000   Number         0  ddiv.o ABSOLUTE
    ../fplib/microlib/fpepilogue.c           0x00000000   Number         0  depilogue.o ABSOLUTE
    ../fplib/microlib/fpepilogue.c           0x00000000   Number         0  fepilogue.o ABSOLUTE
    ../fplib/microlib/fpfix.c                0x00000000   Number         0  ffixi.o ABSOLUTE
    ../fplib/microlib/fpfix.c                0x00000000   Number         0  ffixui.o ABSOLUTE
    ../fplib/microlib/fpfix.c                0x00000000   Number         0  dfixi.o ABSOLUTE
    ../fplib/microlib/fpfix.c                0x00000000   Number         0  dfixul.o ABSOLUTE
    ../fplib/microlib/fpflt.c                0x00000000   Number         0  dflti.o ABSOLUTE
    ../fplib/microlib/fpmul.c                0x00000000   Number         0  fmul.o ABSOLUTE
    ../fplib/microlib/fpmul.c                0x00000000   Number         0  dmul.o ABSOLUTE
    ../fplib/microlib/fpscalb.c              0x00000000   Number         0  dscalb.o ABSOLUTE
    ../mathlib/atan.c                        0x00000000   Number         0  atan.o ABSOLUTE
    ../mathlib/atan.c                        0x00000000   Number         0  atan_x.o ABSOLUTE
    ../mathlib/atan2.c                       0x00000000   Number         0  atan2_x.o ABSOLUTE
    ../mathlib/atan2.c                       0x00000000   Number         0  atan2.o ABSOLUTE
    ../mathlib/dunder.c                      0x00000000   Number         0  dunder.o ABSOLUTE
    ../mathlib/fpclassify.c                  0x00000000   Number         0  fpclassify.o ABSOLUTE
    ../mathlib/poly.c                        0x00000000   Number         0  poly.o ABSOLUTE
    ../mathlib/qnan.c                        0x00000000   Number         0  qnan.o ABSOLUTE
    APP\MPU6050\MPU6050.c                    0x00000000   Number         0  mpu6050.o ABSOLUTE
    APP\MPU6050\bsp_i2c.c                    0x00000000   Number         0  bsp_i2c.o ABSOLUTE
    APP\key\key.c                            0x00000000   Number         0  key.o ABSOLUTE
    APP\light\light.c                        0x00000000   Number         0  light.o ABSOLUTE
    APP\oled\oled.c                          0x00000000   Number         0  oled.o ABSOLUTE
    APP\servo\servo.c                        0x00000000   Number         0  servo.o ABSOLUTE
    APP\stepper\stepper.c                    0x00000000   Number         0  stepper.o ABSOLUTE
    APP\usart\usart.c                        0x00000000   Number         0  usart.o ABSOLUTE
    Libraries\CMSIS\core_cm3.c               0x00000000   Number         0  core_cm3.o ABSOLUTE
    Libraries\CMSIS\startup_stm32f10x_hd.s   0x00000000   Number         0  startup_stm32f10x_hd.o ABSOLUTE
    Libraries\CMSIS\system_stm32f10x.c       0x00000000   Number         0  system_stm32f10x.o ABSOLUTE
    Libraries\STM32F10x_StdPeriph_Driver\src\misc.c 0x00000000   Number         0  misc.o ABSOLUTE
    Libraries\STM32F10x_StdPeriph_Driver\src\stm32f10x_adc.c 0x00000000   Number         0  stm32f10x_adc.o ABSOLUTE
    Libraries\STM32F10x_StdPeriph_Driver\src\stm32f10x_bkp.c 0x00000000   Number         0  stm32f10x_bkp.o ABSOLUTE
    Libraries\STM32F10x_StdPeriph_Driver\src\stm32f10x_can.c 0x00000000   Number         0  stm32f10x_can.o ABSOLUTE
    Libraries\STM32F10x_StdPeriph_Driver\src\stm32f10x_cec.c 0x00000000   Number         0  stm32f10x_cec.o ABSOLUTE
    Libraries\STM32F10x_StdPeriph_Driver\src\stm32f10x_crc.c 0x00000000   Number         0  stm32f10x_crc.o ABSOLUTE
    Libraries\STM32F10x_StdPeriph_Driver\src\stm32f10x_dac.c 0x00000000   Number         0  stm32f10x_dac.o ABSOLUTE
    Libraries\STM32F10x_StdPeriph_Driver\src\stm32f10x_dbgmcu.c 0x00000000   Number         0  stm32f10x_dbgmcu.o ABSOLUTE
    Libraries\STM32F10x_StdPeriph_Driver\src\stm32f10x_dma.c 0x00000000   Number         0  stm32f10x_dma.o ABSOLUTE
    Libraries\STM32F10x_StdPeriph_Driver\src\stm32f10x_exti.c 0x00000000   Number         0  stm32f10x_exti.o ABSOLUTE
    Libraries\STM32F10x_StdPeriph_Driver\src\stm32f10x_flash.c 0x00000000   Number         0  stm32f10x_flash.o ABSOLUTE
    Libraries\STM32F10x_StdPeriph_Driver\src\stm32f10x_fsmc.c 0x00000000   Number         0  stm32f10x_fsmc.o ABSOLUTE
    Libraries\STM32F10x_StdPeriph_Driver\src\stm32f10x_gpio.c 0x00000000   Number         0  stm32f10x_gpio.o ABSOLUTE
    Libraries\STM32F10x_StdPeriph_Driver\src\stm32f10x_i2c.c 0x00000000   Number         0  stm32f10x_i2c.o ABSOLUTE
    Libraries\STM32F10x_StdPeriph_Driver\src\stm32f10x_iwdg.c 0x00000000   Number         0  stm32f10x_iwdg.o ABSOLUTE
    Libraries\STM32F10x_StdPeriph_Driver\src\stm32f10x_pwr.c 0x00000000   Number         0  stm32f10x_pwr.o ABSOLUTE
    Libraries\STM32F10x_StdPeriph_Driver\src\stm32f10x_rcc.c 0x00000000   Number         0  stm32f10x_rcc.o ABSOLUTE
    Libraries\STM32F10x_StdPeriph_Driver\src\stm32f10x_rtc.c 0x00000000   Number         0  stm32f10x_rtc.o ABSOLUTE
    Libraries\STM32F10x_StdPeriph_Driver\src\stm32f10x_sdio.c 0x00000000   Number         0  stm32f10x_sdio.o ABSOLUTE
    Libraries\STM32F10x_StdPeriph_Driver\src\stm32f10x_spi.c 0x00000000   Number         0  stm32f10x_spi.o ABSOLUTE
    Libraries\STM32F10x_StdPeriph_Driver\src\stm32f10x_tim.c 0x00000000   Number         0  stm32f10x_tim.o ABSOLUTE
    Libraries\STM32F10x_StdPeriph_Driver\src\stm32f10x_usart.c 0x00000000   Number         0  stm32f10x_usart.o ABSOLUTE
    Libraries\STM32F10x_StdPeriph_Driver\src\stm32f10x_wwdg.c 0x00000000   Number         0  stm32f10x_wwdg.o ABSOLUTE
    Libraries\\CMSIS\\core_cm3.c             0x00000000   Number         0  core_cm3.o ABSOLUTE
    Public\SysTick.c                         0x00000000   Number         0  systick.o ABSOLUTE
    Public\system.c                          0x00000000   Number         0  system.o ABSOLUTE
    User\control.c                           0x00000000   Number         0  control.o ABSOLUTE
    User\main.c                              0x00000000   Number         0  main.o ABSOLUTE
    User\stm32f10x_it.c                      0x00000000   Number         0  stm32f10x_it.o ABSOLUTE
    cdrcmple.s                               0x00000000   Number         0  cdrcmple.o ABSOLUTE
    cfcmple.s                                0x00000000   Number         0  cfcmple.o ABSOLUTE
    cfrcmple.s                               0x00000000   Number         0  cfrcmple.o ABSOLUTE
    dc.s                                     0x00000000   Number         0  dc.o ABSOLUTE
    handlers.s                               0x00000000   Number         0  handlers.o ABSOLUTE
    init.s                                   0x00000000   Number         0  init.o ABSOLUTE
    RESET                                    0x08000000   Section      304  startup_stm32f10x_hd.o(RESET)
    .ARM.Collect$$$$00000000                 0x08000130   Section        0  entry.o(.ARM.Collect$$$$00000000)
    .ARM.Collect$$$$00000001                 0x08000130   Section        4  entry2.o(.ARM.Collect$$$$00000001)
    .ARM.Collect$$$$00000004                 0x08000134   Section        4  entry5.o(.ARM.Collect$$$$00000004)
    .ARM.Collect$$$$00000008                 0x08000138   Section        0  entry7b.o(.ARM.Collect$$$$00000008)
    .ARM.Collect$$$$0000000A                 0x08000138   Section        0  entry8b.o(.ARM.Collect$$$$0000000A)
    .ARM.Collect$$$$0000000B                 0x08000138   Section        8  entry9a.o(.ARM.Collect$$$$0000000B)
    .ARM.Collect$$$$0000000D                 0x08000140   Section        0  entry10a.o(.ARM.Collect$$$$0000000D)
    .ARM.Collect$$$$0000000F                 0x08000140   Section        0  entry11a.o(.ARM.Collect$$$$0000000F)
    .ARM.Collect$$$$00002712                 0x08000140   Section        4  entry2.o(.ARM.Collect$$$$00002712)
    __lit__00000000                          0x08000140   Data           4  entry2.o(.ARM.Collect$$$$00002712)
    .text                                    0x08000144   Section       36  startup_stm32f10x_hd.o(.text)
    .text                                    0x08000168   Section        0  fadd.o(.text)
    .text                                    0x08000218   Section        0  fmul.o(.text)
    .text                                    0x0800027c   Section        0  dadd.o(.text)
    .text                                    0x080003ca   Section        0  dmul.o(.text)
    .text                                    0x080004ae   Section        0  ddiv.o(.text)
    .text                                    0x0800058c   Section        0  dflti.o(.text)
    .text                                    0x080005ae   Section        0  ffixi.o(.text)
    .text                                    0x080005e0   Section        0  ffixui.o(.text)
    .text                                    0x08000608   Section        0  dfixi.o(.text)
    .text                                    0x08000646   Section        0  f2d.o(.text)
    .text                                    0x0800066c   Section        0  d2f.o(.text)
    .text                                    0x080006a4   Section       20  cfcmple.o(.text)
    .text                                    0x080006b8   Section       20  cfrcmple.o(.text)
    .text                                    0x080006cc   Section        0  uidiv.o(.text)
    .text                                    0x080006f8   Section        0  llshl.o(.text)
    .text                                    0x08000716   Section        0  llushr.o(.text)
    .text                                    0x08000736   Section        0  llsshr.o(.text)
    .text                                    0x0800075a   Section        0  iusefp.o(.text)
    .text                                    0x0800075a   Section        0  fepilogue.o(.text)
    .text                                    0x080007c8   Section        0  depilogue.o(.text)
    .text                                    0x08000884   Section       36  init.o(.text)
    .text                                    0x080008a8   Section        0  dscalb.o(.text)
    .text                                    0x080008d6   Section        0  __dczerorl2.o(.text)
    i.BusFault_Handler                       0x0800092c   Section        0  stm32f10x_it.o(i.BusFault_Handler)
    i.ComplementaryFilter                    0x08000930   Section        0  main.o(i.ComplementaryFilter)
    i.DIR_Init                               0x08000998   Section        0  stepper.o(i.DIR_Init)
    i.DebugMon_Handler                       0x080009c4   Section        0  stm32f10x_it.o(i.DebugMon_Handler)
    i.GPIO_Init                              0x080009c6   Section        0  stm32f10x_gpio.o(i.GPIO_Init)
    i.GPIO_ReadInputDataBit                  0x08000adc   Section        0  stm32f10x_gpio.o(i.GPIO_ReadInputDataBit)
    i.GPIO_ResetBits                         0x08000aee   Section        0  stm32f10x_gpio.o(i.GPIO_ResetBits)
    i.GPIO_SetBits                           0x08000af2   Section        0  stm32f10x_gpio.o(i.GPIO_SetBits)
    i.HardFault_Handler                      0x08000af6   Section        0  stm32f10x_it.o(i.HardFault_Handler)
    i.IIC_Start1                             0x08000afc   Section        0  oled.o(i.IIC_Start1)
    i.IIC_Stop                               0x08000b2c   Section        0  oled.o(i.IIC_Stop)
    i.IIC_Wait_Ack                           0x08000b54   Section        0  oled.o(i.IIC_Wait_Ack)
    i.KEY_GPIO_Init                          0x08000b70   Section        0  key.o(i.KEY_GPIO_Init)
    i.KEY_Init                               0x08000bcc   Section        0  key.o(i.KEY_Init)
    i.KEY_Scan                               0x08000bd4   Section        0  key.o(i.KEY_Scan)
    i.Light_Init                             0x08000c7c   Section        0  light.o(i.Light_Init)
    i.MPU6050ReadAcc                         0x08000ca8   Section        0  mpu6050.o(i.MPU6050ReadAcc)
    i.MPU6050ReadGyro                        0x08000ce8   Section        0  mpu6050.o(i.MPU6050ReadGyro)
    i.MPU6050ReadID                          0x08000d28   Section        0  mpu6050.o(i.MPU6050ReadID)
    i.MPU6050_Init                           0x08000d70   Section        0  mpu6050.o(i.MPU6050_Init)
    i.MPU6050_ReadData                       0x08000db8   Section        0  mpu6050.o(i.MPU6050_ReadData)
    i.MPU6050_WriteReg                       0x08000e10   Section        0  mpu6050.o(i.MPU6050_WriteReg)
    i.MemManage_Handler                      0x08000e3e   Section        0  stm32f10x_it.o(i.MemManage_Handler)
    i.NMI_Handler                            0x08000e42   Section        0  stm32f10x_it.o(i.NMI_Handler)
    i.NVIC_Init                              0x08000e44   Section        0  misc.o(i.NVIC_Init)
    i.OLED_Clear                             0x08000eb4   Section        0  oled.o(i.OLED_Clear)
    i.OLED_Init                              0x08000ef4   Section        0  oled.o(i.OLED_Init)
    i.OLED_Set_Pos                           0x0800100c   Section        0  oled.o(i.OLED_Set_Pos)
    i.OLED_ShowCHinese                       0x08001034   Section        0  oled.o(i.OLED_ShowCHinese)
    i.OLED_ShowChar                          0x080010a4   Section        0  oled.o(i.OLED_ShowChar)
    i.OLED_ShowNum                           0x08001148   Section        0  oled.o(i.OLED_ShowNum)
    i.OLED_ShowString                        0x080011d0   Section        0  oled.o(i.OLED_ShowString)
    i.OLED_WR_Byte                           0x0800120a   Section        0  oled.o(i.OLED_WR_Byte)
    i.PendSV_Handler                         0x08001222   Section        0  stm32f10x_it.o(i.PendSV_Handler)
    i.RCC_APB1PeriphClockCmd                 0x08001224   Section        0  stm32f10x_rcc.o(i.RCC_APB1PeriphClockCmd)
    i.RCC_APB2PeriphClockCmd                 0x08001244   Section        0  stm32f10x_rcc.o(i.RCC_APB2PeriphClockCmd)
    i.RCC_GetClocksFreq                      0x08001264   Section        0  stm32f10x_rcc.o(i.RCC_GetClocksFreq)
    i.SVC_Handler                            0x08001338   Section        0  stm32f10x_it.o(i.SVC_Handler)
    i.Servo_Init                             0x0800133c   Section        0  servo.o(i.Servo_Init)
    i.SetSysClock                            0x080013cc   Section        0  system_stm32f10x.o(i.SetSysClock)
    SetSysClock                              0x080013cd   Thumb Code     8  system_stm32f10x.o(i.SetSysClock)
    i.SetSysClockTo72                        0x080013d4   Section        0  system_stm32f10x.o(i.SetSysClockTo72)
    SetSysClockTo72                          0x080013d5   Thumb Code   214  system_stm32f10x.o(i.SetSysClockTo72)
    i.Stepper_Init                           0x080014b4   Section        0  stepper.o(i.Stepper_Init)
    i.SysTick_CLKSourceConfig                0x080014c4   Section        0  misc.o(i.SysTick_CLKSourceConfig)
    i.SysTick_Handler                        0x080014ec   Section        0  stm32f10x_it.o(i.SysTick_Handler)
    i.SysTick_Init                           0x080014f0   Section        0  systick.o(i.SysTick_Init)
    i.SystemInit                             0x0800152c   Section        0  system_stm32f10x.o(i.SystemInit)
    i.TIM2_GPIO_Config                       0x0800158c   Section        0  stepper.o(i.TIM2_GPIO_Config)
    TIM2_GPIO_Config                         0x0800158d   Thumb Code    46  stepper.o(i.TIM2_GPIO_Config)
    i.TIM2_Mode_Config                       0x080015c0   Section        0  stepper.o(i.TIM2_Mode_Config)
    TIM2_Mode_Config                         0x080015c1   Thumb Code   120  stepper.o(i.TIM2_Mode_Config)
    i.TIM_ARRPreloadConfig                   0x08001638   Section        0  stm32f10x_tim.o(i.TIM_ARRPreloadConfig)
    i.TIM_Cmd                                0x08001650   Section        0  stm32f10x_tim.o(i.TIM_Cmd)
    i.TIM_OC2Init                            0x08001668   Section        0  stm32f10x_tim.o(i.TIM_OC2Init)
    i.TIM_OC2PreloadConfig                   0x0800170c   Section        0  stm32f10x_tim.o(i.TIM_OC2PreloadConfig)
    i.TIM_OC3Init                            0x08001728   Section        0  stm32f10x_tim.o(i.TIM_OC3Init)
    i.TIM_OC3PreloadConfig                   0x080017c8   Section        0  stm32f10x_tim.o(i.TIM_OC3PreloadConfig)
    i.TIM_SetCompare2                        0x080017da   Section        0  stm32f10x_tim.o(i.TIM_SetCompare2)
    i.TIM_SetCompare3                        0x080017de   Section        0  stm32f10x_tim.o(i.TIM_SetCompare3)
    i.TIM_TimeBaseInit                       0x080017e4   Section        0  stm32f10x_tim.o(i.TIM_TimeBaseInit)
    i.Trigger_Control                        0x08001888   Section        0  servo.o(i.Trigger_Control)
    i.Trigger_Control1                       0x080018cc   Section        0  servo.o(i.Trigger_Control1)
    i.USART1_IRQHandler                      0x08001910   Section        0  usart.o(i.USART1_IRQHandler)
    i.USART_Cmd                              0x080019e0   Section        0  stm32f10x_usart.o(i.USART_Cmd)
    i.USART_GetITStatus                      0x080019f8   Section        0  stm32f10x_usart.o(i.USART_GetITStatus)
    i.USART_ITConfig                         0x08001a4c   Section        0  stm32f10x_usart.o(i.USART_ITConfig)
    i.USART_Init                             0x08001a98   Section        0  stm32f10x_usart.o(i.USART_Init)
    i.USART_ReceiveData                      0x08001b70   Section        0  stm32f10x_usart.o(i.USART_ReceiveData)
    i.UsageFault_Handler                     0x08001b7a   Section        0  stm32f10x_it.o(i.UsageFault_Handler)
    i.Write_IIC_Byte                         0x08001b80   Section        0  oled.o(i.Write_IIC_Byte)
    i.Write_IIC_Command                      0x08001bdc   Section        0  oled.o(i.Write_IIC_Command)
    i.Write_IIC_Data                         0x08001c08   Section        0  oled.o(i.Write_IIC_Data)
    i.__0printf$1                            0x08001c34   Section        0  printf1.o(i.__0printf$1)
    i.__ARM_fpclassify                       0x08001c54   Section        0  fpclassify.o(i.__ARM_fpclassify)
    i.__kernel_poly                          0x08001c7c   Section        0  poly.o(i.__kernel_poly)
    i.__mathlib_dbl_infnan                   0x08001d26   Section        0  dunder.o(i.__mathlib_dbl_infnan)
    i.__mathlib_dbl_infnan2                  0x08001d2c   Section        0  dunder.o(i.__mathlib_dbl_infnan2)
    i.__mathlib_dbl_underflow                0x08001d30   Section        0  dunder.o(i.__mathlib_dbl_underflow)
    i.__scatterload_copy                     0x08001d40   Section       14  handlers.o(i.__scatterload_copy)
    i.__scatterload_null                     0x08001d4e   Section        2  handlers.o(i.__scatterload_null)
    i.__scatterload_zeroinit                 0x08001d50   Section       14  handlers.o(i.__scatterload_zeroinit)
    i._printf_core                           0x08001d60   Section        0  printf1.o(i._printf_core)
    _printf_core                             0x08001d61   Thumb Code   336  printf1.o(i._printf_core)
    i.atan                                   0x08001eb4   Section        0  atan.o(i.atan)
    i.atan2                                  0x080020d4   Section        0  atan2.o(i.atan2)
    i.back1                                  0x08002254   Section        0  stepper.o(i.back1)
    i.back2                                  0x0800227c   Section        0  stepper.o(i.back2)
    i.charge_fire                            0x080022a4   Section        0  light.o(i.charge_fire)
    i.control                                0x080022c4   Section        0  control.o(i.control)
    i.control1                               0x0800254c   Section        0  control.o(i.control1)
    i.delay_ms                               0x08002704   Section        0  systick.o(i.delay_ms)
    i.fire                                   0x08002750   Section        0  control.o(i.fire)
    i.fputc                                  0x080027f8   Section        0  usart.o(i.fputc)
    i.go1                                    0x08002814   Section        0  stepper.o(i.go1)
    i.go2                                    0x0800283c   Section        0  stepper.o(i.go2)
    i.goackback                              0x08002864   Section        0  control.o(i.goackback)
    i.goackstraight                          0x0800287a   Section        0  control.o(i.goackstraight)
    i.goackstraight1                         0x08002890   Section        0  control.o(i.goackstraight1)
    i.goback                                 0x080028a8   Section        0  control.o(i.goback)
    i.goback1                                0x080028be   Section        0  control.o(i.goback1)
    i.gostraight                             0x080028d6   Section        0  control.o(i.gostraight)
    i.gostraight1                            0x080028ec   Section        0  control.o(i.gostraight1)
    i.i2c_Ack                                0x08002904   Section        0  bsp_i2c.o(i.i2c_Ack)
    i.i2c_Delay                              0x08002934   Section        0  bsp_i2c.o(i.i2c_Delay)
    i2c_Delay                                0x08002935   Thumb Code    14  bsp_i2c.o(i.i2c_Delay)
    i.i2c_GPIO_Config                        0x08002944   Section        0  bsp_i2c.o(i.i2c_GPIO_Config)
    i.i2c_NAck                               0x08002974   Section        0  bsp_i2c.o(i.i2c_NAck)
    i.i2c_ReadByte                           0x0800299c   Section        0  bsp_i2c.o(i.i2c_ReadByte)
    i.i2c_SendByte                           0x080029ec   Section        0  bsp_i2c.o(i.i2c_SendByte)
    i.i2c_Start                              0x08002a40   Section        0  bsp_i2c.o(i.i2c_Start)
    i.i2c_Stop                               0x08002a70   Section        0  bsp_i2c.o(i.i2c_Stop)
    i.i2c_WaitAck                            0x08002a90   Section        0  bsp_i2c.o(i.i2c_WaitAck)
    i.main                                   0x08002acc   Section        0  main.o(i.main)
    i.oled_pow                               0x08002c94   Section        0  oled.o(i.oled_pow)
    i.shooting                               0x08002caa   Section        0  servo.o(i.shooting)
    i.stop                                   0x08002cc6   Section        0  stepper.o(i.stop)
    i.uart_init                              0x08002ce0   Section        0  usart.o(i.uart_init)
    .constdata                               0x08002d80   Section     2072  oled.o(.constdata)
    .constdata                               0x08003598   Section      152  atan.o(.constdata)
    atanhi                                   0x08003598   Data          32  atan.o(.constdata)
    atanlo                                   0x080035b8   Data          32  atan.o(.constdata)
    aTodd                                    0x080035d8   Data          40  atan.o(.constdata)
    aTeven                                   0x08003600   Data          48  atan.o(.constdata)
    .constdata                               0x08003630   Section        8  qnan.o(.constdata)
    .conststring                             0x08003638   Section       72  mpu6050.o(.conststring)
    .data                                    0x20000000   Section       48  main.o(.data)
    .data                                    0x20000030   Section       12  control.o(.data)
    .data                                    0x2000003c   Section       20  stm32f10x_rcc.o(.data)
    APBAHBPrescTable                         0x2000003c   Data          16  stm32f10x_rcc.o(.data)
    ADCPrescTable                            0x2000004c   Data           4  stm32f10x_rcc.o(.data)
    .data                                    0x20000050   Section        1  key.o(.data)
    key_up                                   0x20000050   Data           1  key.o(.data)
    .data                                    0x20000054   Section       22  usart.o(.data)
    .data                                    0x2000006a   Section      768  oled.o(.data)
    .data                                    0x2000036a   Section        4  systick.o(.data)
    fac_us                                   0x2000036a   Data           1  systick.o(.data)
    fac_ms                                   0x2000036c   Data           2  systick.o(.data)
    STACK                                    0x20000370   Section     1024  startup_stm32f10x_hd.o(STACK)

    Global Symbols

    Symbol Name                              Value     Ov Type        Size  Object(Section)

    BuildAttributes$$THM_ISAv4$P$D$K$B$S$PE$A:L22UL41UL21$X:L11$S22US41US21$IEEE1$IW$USESV6$~STKCKD$USESV7$~SHL$OTIME$ROPI$IEEEX$EBA8$MICROLIB$REQ8$PRES8$EABIv2 0x00000000   Number         0  anon$$obj.o ABSOLUTE
    __ARM_use_no_argv                        0x00000000   Number         0  main.o ABSOLUTE
    __use_no_errno                           0x00000000   Number         0  useno.o ABSOLUTE
    __use_no_exception_handling              0x00000000   Number         0  useno.o ABSOLUTE
    __use_no_fp                              0x00000000   Number         0  useno.o ABSOLUTE
    __use_no_heap                            0x00000000   Number         0  useno.o ABSOLUTE
    __use_no_heap_region                     0x00000000   Number         0  useno.o ABSOLUTE
    __use_no_semihosting                     0x00000000   Number         0  useno.o ABSOLUTE
    __use_no_semihosting_swi                 0x00000000   Number         0  useno.o ABSOLUTE
    __use_no_signal_handling                 0x00000000   Number         0  useno.o ABSOLUTE
    _printf_a                                0x00000000   Number         0  stubs.o ABSOLUTE
    _printf_c                                0x00000000   Number         0  stubs.o ABSOLUTE
    _printf_charcount                        0x00000000   Number         0  stubs.o ABSOLUTE
    _printf_d                                0x00000000   Number         0  stubs.o ABSOLUTE
    _printf_e                                0x00000000   Number         0  stubs.o ABSOLUTE
    _printf_f                                0x00000000   Number         0  stubs.o ABSOLUTE
    _printf_flags                            0x00000000   Number         0  stubs.o ABSOLUTE
    _printf_fp_dec                           0x00000000   Number         0  stubs.o ABSOLUTE
    _printf_fp_hex                           0x00000000   Number         0  stubs.o ABSOLUTE
    _printf_g                                0x00000000   Number         0  stubs.o ABSOLUTE
    _printf_i                                0x00000000   Number         0  stubs.o ABSOLUTE
    _printf_int_dec                          0x00000000   Number         0  stubs.o ABSOLUTE
    _printf_l                                0x00000000   Number         0  stubs.o ABSOLUTE
    _printf_lc                               0x00000000   Number         0  stubs.o ABSOLUTE
    _printf_ll                               0x00000000   Number         0  stubs.o ABSOLUTE
    _printf_lld                              0x00000000   Number         0  stubs.o ABSOLUTE
    _printf_lli                              0x00000000   Number         0  stubs.o ABSOLUTE
    _printf_llo                              0x00000000   Number         0  stubs.o ABSOLUTE
    _printf_llu                              0x00000000   Number         0  stubs.o ABSOLUTE
    _printf_llx                              0x00000000   Number         0  stubs.o ABSOLUTE
    _printf_longlong_dec                     0x00000000   Number         0  stubs.o ABSOLUTE
    _printf_longlong_hex                     0x00000000   Number         0  stubs.o ABSOLUTE
    _printf_longlong_oct                     0x00000000   Number         0  stubs.o ABSOLUTE
    _printf_ls                               0x00000000   Number         0  stubs.o ABSOLUTE
    _printf_mbtowc                           0x00000000   Number         0  stubs.o ABSOLUTE
    _printf_n                                0x00000000   Number         0  stubs.o ABSOLUTE
    _printf_o                                0x00000000   Number         0  stubs.o ABSOLUTE
    _printf_p                                0x00000000   Number         0  stubs.o ABSOLUTE
    _printf_percent                          0x00000000   Number         0  stubs.o ABSOLUTE
    _printf_pre_padding                      0x00000000   Number         0  stubs.o ABSOLUTE
    _printf_return_value                     0x00000000   Number         0  stubs.o ABSOLUTE
    _printf_s                                0x00000000   Number         0  stubs.o ABSOLUTE
    _printf_sizespec                         0x00000000   Number         0  stubs.o ABSOLUTE
    _printf_str                              0x00000000   Number         0  stubs.o ABSOLUTE
    _printf_truncate_signed                  0x00000000   Number         0  stubs.o ABSOLUTE
    _printf_truncate_unsigned                0x00000000   Number         0  stubs.o ABSOLUTE
    _printf_u                                0x00000000   Number         0  stubs.o ABSOLUTE
    _printf_wc                               0x00000000   Number         0  stubs.o ABSOLUTE
    _printf_wctomb                           0x00000000   Number         0  stubs.o ABSOLUTE
    _printf_widthprec                        0x00000000   Number         0  stubs.o ABSOLUTE
    _printf_x                                0x00000000   Number         0  stubs.o ABSOLUTE
    __cpp_initialize__aeabi_                  - Undefined Weak Reference
    __cxa_finalize                            - Undefined Weak Reference
    _clock_init                               - Undefined Weak Reference
    _microlib_exit                            - Undefined Weak Reference
    __Vectors_Size                           0x00000130   Number         0  startup_stm32f10x_hd.o ABSOLUTE
    __Vectors                                0x08000000   Data           4  startup_stm32f10x_hd.o(RESET)
    __Vectors_End                            0x08000130   Data           0  startup_stm32f10x_hd.o(RESET)
    __main                                   0x08000131   Thumb Code     0  entry.o(.ARM.Collect$$$$00000000)
    _main_stk                                0x08000131   Thumb Code     0  entry2.o(.ARM.Collect$$$$00000001)
    _main_scatterload                        0x08000135   Thumb Code     0  entry5.o(.ARM.Collect$$$$00000004)
    __main_after_scatterload                 0x08000139   Thumb Code     0  entry5.o(.ARM.Collect$$$$00000004)
    _main_clock                              0x08000139   Thumb Code     0  entry7b.o(.ARM.Collect$$$$00000008)
    _main_cpp_init                           0x08000139   Thumb Code     0  entry8b.o(.ARM.Collect$$$$0000000A)
    _main_init                               0x08000139   Thumb Code     0  entry9a.o(.ARM.Collect$$$$0000000B)
    __rt_final_cpp                           0x08000141   Thumb Code     0  entry10a.o(.ARM.Collect$$$$0000000D)
    __rt_final_exit                          0x08000141   Thumb Code     0  entry11a.o(.ARM.Collect$$$$0000000F)
    Reset_Handler                            0x08000145   Thumb Code     8  startup_stm32f10x_hd.o(.text)
    ADC1_2_IRQHandler                        0x0800015f   Thumb Code     0  startup_stm32f10x_hd.o(.text)
    ADC3_IRQHandler                          0x0800015f   Thumb Code     0  startup_stm32f10x_hd.o(.text)
    CAN1_RX1_IRQHandler                      0x0800015f   Thumb Code     0  startup_stm32f10x_hd.o(.text)
    CAN1_SCE_IRQHandler                      0x0800015f   Thumb Code     0  startup_stm32f10x_hd.o(.text)
    DMA1_Channel1_IRQHandler                 0x0800015f   Thumb Code     0  startup_stm32f10x_hd.o(.text)
    DMA1_Channel2_IRQHandler                 0x0800015f   Thumb Code     0  startup_stm32f10x_hd.o(.text)
    DMA1_Channel3_IRQHandler                 0x0800015f   Thumb Code     0  startup_stm32f10x_hd.o(.text)
    DMA1_Channel4_IRQHandler                 0x0800015f   Thumb Code     0  startup_stm32f10x_hd.o(.text)
    DMA1_Channel5_IRQHandler                 0x0800015f   Thumb Code     0  startup_stm32f10x_hd.o(.text)
    DMA1_Channel6_IRQHandler                 0x0800015f   Thumb Code     0  startup_stm32f10x_hd.o(.text)
    DMA1_Channel7_IRQHandler                 0x0800015f   Thumb Code     0  startup_stm32f10x_hd.o(.text)
    DMA2_Channel1_IRQHandler                 0x0800015f   Thumb Code     0  startup_stm32f10x_hd.o(.text)
    DMA2_Channel2_IRQHandler                 0x0800015f   Thumb Code     0  startup_stm32f10x_hd.o(.text)
    DMA2_Channel3_IRQHandler                 0x0800015f   Thumb Code     0  startup_stm32f10x_hd.o(.text)
    DMA2_Channel4_5_IRQHandler               0x0800015f   Thumb Code     0  startup_stm32f10x_hd.o(.text)
    EXTI0_IRQHandler                         0x0800015f   Thumb Code     0  startup_stm32f10x_hd.o(.text)
    EXTI15_10_IRQHandler                     0x0800015f   Thumb Code     0  startup_stm32f10x_hd.o(.text)
    EXTI1_IRQHandler                         0x0800015f   Thumb Code     0  startup_stm32f10x_hd.o(.text)
    EXTI2_IRQHandler                         0x0800015f   Thumb Code     0  startup_stm32f10x_hd.o(.text)
    EXTI3_IRQHandler                         0x0800015f   Thumb Code     0  startup_stm32f10x_hd.o(.text)
    EXTI4_IRQHandler                         0x0800015f   Thumb Code     0  startup_stm32f10x_hd.o(.text)
    EXTI9_5_IRQHandler                       0x0800015f   Thumb Code     0  startup_stm32f10x_hd.o(.text)
    FLASH_IRQHandler                         0x0800015f   Thumb Code     0  startup_stm32f10x_hd.o(.text)
    FSMC_IRQHandler                          0x0800015f   Thumb Code     0  startup_stm32f10x_hd.o(.text)
    I2C1_ER_IRQHandler                       0x0800015f   Thumb Code     0  startup_stm32f10x_hd.o(.text)
    I2C1_EV_IRQHandler                       0x0800015f   Thumb Code     0  startup_stm32f10x_hd.o(.text)
    I2C2_ER_IRQHandler                       0x0800015f   Thumb Code     0  startup_stm32f10x_hd.o(.text)
    I2C2_EV_IRQHandler                       0x0800015f   Thumb Code     0  startup_stm32f10x_hd.o(.text)
    PVD_IRQHandler                           0x0800015f   Thumb Code     0  startup_stm32f10x_hd.o(.text)
    RCC_IRQHandler                           0x0800015f   Thumb Code     0  startup_stm32f10x_hd.o(.text)
    RTCAlarm_IRQHandler                      0x0800015f   Thumb Code     0  startup_stm32f10x_hd.o(.text)
    RTC_IRQHandler                           0x0800015f   Thumb Code     0  startup_stm32f10x_hd.o(.text)
    SDIO_IRQHandler                          0x0800015f   Thumb Code     0  startup_stm32f10x_hd.o(.text)
    SPI1_IRQHandler                          0x0800015f   Thumb Code     0  startup_stm32f10x_hd.o(.text)
    SPI2_IRQHandler                          0x0800015f   Thumb Code     0  startup_stm32f10x_hd.o(.text)
    SPI3_IRQHandler                          0x0800015f   Thumb Code     0  startup_stm32f10x_hd.o(.text)
    TAMPER_IRQHandler                        0x0800015f   Thumb Code     0  startup_stm32f10x_hd.o(.text)
    TIM1_BRK_IRQHandler                      0x0800015f   Thumb Code     0  startup_stm32f10x_hd.o(.text)
    TIM1_CC_IRQHandler                       0x0800015f   Thumb Code     0  startup_stm32f10x_hd.o(.text)
    TIM1_TRG_COM_IRQHandler                  0x0800015f   Thumb Code     0  startup_stm32f10x_hd.o(.text)
    TIM1_UP_IRQHandler                       0x0800015f   Thumb Code     0  startup_stm32f10x_hd.o(.text)
    TIM2_IRQHandler                          0x0800015f   Thumb Code     0  startup_stm32f10x_hd.o(.text)
    TIM3_IRQHandler                          0x0800015f   Thumb Code     0  startup_stm32f10x_hd.o(.text)
    TIM4_IRQHandler                          0x0800015f   Thumb Code     0  startup_stm32f10x_hd.o(.text)
    TIM5_IRQHandler                          0x0800015f   Thumb Code     0  startup_stm32f10x_hd.o(.text)
    TIM6_IRQHandler                          0x0800015f   Thumb Code     0  startup_stm32f10x_hd.o(.text)
    TIM7_IRQHandler                          0x0800015f   Thumb Code     0  startup_stm32f10x_hd.o(.text)
    TIM8_BRK_IRQHandler                      0x0800015f   Thumb Code     0  startup_stm32f10x_hd.o(.text)
    TIM8_CC_IRQHandler                       0x0800015f   Thumb Code     0  startup_stm32f10x_hd.o(.text)
    TIM8_TRG_COM_IRQHandler                  0x0800015f   Thumb Code     0  startup_stm32f10x_hd.o(.text)
    TIM8_UP_IRQHandler                       0x0800015f   Thumb Code     0  startup_stm32f10x_hd.o(.text)
    UART4_IRQHandler                         0x0800015f   Thumb Code     0  startup_stm32f10x_hd.o(.text)
    UART5_IRQHandler                         0x0800015f   Thumb Code     0  startup_stm32f10x_hd.o(.text)
    USART2_IRQHandler                        0x0800015f   Thumb Code     0  startup_stm32f10x_hd.o(.text)
    USART3_IRQHandler                        0x0800015f   Thumb Code     0  startup_stm32f10x_hd.o(.text)
    USBWakeUp_IRQHandler                     0x0800015f   Thumb Code     0  startup_stm32f10x_hd.o(.text)
    USB_HP_CAN1_TX_IRQHandler                0x0800015f   Thumb Code     0  startup_stm32f10x_hd.o(.text)
    USB_LP_CAN1_RX0_IRQHandler               0x0800015f   Thumb Code     0  startup_stm32f10x_hd.o(.text)
    WWDG_IRQHandler                          0x0800015f   Thumb Code     0  startup_stm32f10x_hd.o(.text)
    __aeabi_fadd                             0x08000169   Thumb Code   164  fadd.o(.text)
    __aeabi_fsub                             0x0800020d   Thumb Code     6  fadd.o(.text)
    __aeabi_frsub                            0x08000213   Thumb Code     6  fadd.o(.text)
    __aeabi_fmul                             0x08000219   Thumb Code   100  fmul.o(.text)
    __aeabi_dadd                             0x0800027d   Thumb Code   322  dadd.o(.text)
    __aeabi_dsub                             0x080003bf   Thumb Code     6  dadd.o(.text)
    __aeabi_drsub                            0x080003c5   Thumb Code     6  dadd.o(.text)
    __aeabi_dmul                             0x080003cb   Thumb Code   228  dmul.o(.text)
    __aeabi_ddiv                             0x080004af   Thumb Code   222  ddiv.o(.text)
    __aeabi_i2d                              0x0800058d   Thumb Code    34  dflti.o(.text)
    __aeabi_f2iz                             0x080005af   Thumb Code    50  ffixi.o(.text)
    __aeabi_f2uiz                            0x080005e1   Thumb Code    40  ffixui.o(.text)
    __aeabi_d2iz                             0x08000609   Thumb Code    62  dfixi.o(.text)
    __aeabi_f2d                              0x08000647   Thumb Code    38  f2d.o(.text)
    __aeabi_d2f                              0x0800066d   Thumb Code    56  d2f.o(.text)
    __aeabi_cfcmpeq                          0x080006a5   Thumb Code     0  cfcmple.o(.text)
    __aeabi_cfcmple                          0x080006a5   Thumb Code    20  cfcmple.o(.text)
    __aeabi_cfrcmple                         0x080006b9   Thumb Code    20  cfrcmple.o(.text)
    __aeabi_uidiv                            0x080006cd   Thumb Code     0  uidiv.o(.text)
    __aeabi_uidivmod                         0x080006cd   Thumb Code    44  uidiv.o(.text)
    __aeabi_llsl                             0x080006f9   Thumb Code    30  llshl.o(.text)
    _ll_shift_l                              0x080006f9   Thumb Code     0  llshl.o(.text)
    __aeabi_llsr                             0x08000717   Thumb Code    32  llushr.o(.text)
    _ll_ushift_r                             0x08000717   Thumb Code     0  llushr.o(.text)
    __aeabi_lasr                             0x08000737   Thumb Code    36  llsshr.o(.text)
    _ll_sshift_r                             0x08000737   Thumb Code     0  llsshr.o(.text)
    __I$use$fp                               0x0800075b   Thumb Code     0  iusefp.o(.text)
    _float_round                             0x0800075b   Thumb Code    18  fepilogue.o(.text)
    _float_epilogue                          0x0800076d   Thumb Code    92  fepilogue.o(.text)
    _double_round                            0x080007c9   Thumb Code    30  depilogue.o(.text)
    _double_epilogue                         0x080007e7   Thumb Code   156  depilogue.o(.text)
    __scatterload                            0x08000885   Thumb Code    28  init.o(.text)
    __scatterload_rt2                        0x08000885   Thumb Code     0  init.o(.text)
    __ARM_scalbn                             0x080008a9   Thumb Code    46  dscalb.o(.text)
    scalbn                                   0x080008a9   Thumb Code     0  dscalb.o(.text)
    __decompress                             0x080008d7   Thumb Code     0  __dczerorl2.o(.text)
    __decompress1                            0x080008d7   Thumb Code    86  __dczerorl2.o(.text)
    BusFault_Handler                         0x0800092d   Thumb Code     4  stm32f10x_it.o(i.BusFault_Handler)
    ComplementaryFilter                      0x08000931   Thumb Code    90  main.o(i.ComplementaryFilter)
    DIR_Init                                 0x08000999   Thumb Code    38  stepper.o(i.DIR_Init)
    DebugMon_Handler                         0x080009c5   Thumb Code     2  stm32f10x_it.o(i.DebugMon_Handler)
    GPIO_Init                                0x080009c7   Thumb Code   278  stm32f10x_gpio.o(i.GPIO_Init)
    GPIO_ReadInputDataBit                    0x08000add   Thumb Code    18  stm32f10x_gpio.o(i.GPIO_ReadInputDataBit)
    GPIO_ResetBits                           0x08000aef   Thumb Code     4  stm32f10x_gpio.o(i.GPIO_ResetBits)
    GPIO_SetBits                             0x08000af3   Thumb Code     4  stm32f10x_gpio.o(i.GPIO_SetBits)
    HardFault_Handler                        0x08000af7   Thumb Code     4  stm32f10x_it.o(i.HardFault_Handler)
    IIC_Start1                               0x08000afd   Thumb Code    44  oled.o(i.IIC_Start1)
    IIC_Stop                                 0x08000b2d   Thumb Code    34  oled.o(i.IIC_Stop)
    IIC_Wait_Ack                             0x08000b55   Thumb Code    24  oled.o(i.IIC_Wait_Ack)
    KEY_GPIO_Init                            0x08000b71   Thumb Code    84  key.o(i.KEY_GPIO_Init)
    KEY_Init                                 0x08000bcd   Thumb Code     8  key.o(i.KEY_Init)
    KEY_Scan                                 0x08000bd5   Thumb Code   154  key.o(i.KEY_Scan)
    Light_Init                               0x08000c7d   Thumb Code    38  light.o(i.Light_Init)
    MPU6050ReadAcc                           0x08000ca9   Thumb Code    64  mpu6050.o(i.MPU6050ReadAcc)
    MPU6050ReadGyro                          0x08000ce9   Thumb Code    64  mpu6050.o(i.MPU6050ReadGyro)
    MPU6050ReadID                            0x08000d29   Thumb Code    48  mpu6050.o(i.MPU6050ReadID)
    MPU6050_Init                             0x08000d71   Thumb Code    72  mpu6050.o(i.MPU6050_Init)
    MPU6050_ReadData                         0x08000db9   Thumb Code    88  mpu6050.o(i.MPU6050_ReadData)
    MPU6050_WriteReg                         0x08000e11   Thumb Code    46  mpu6050.o(i.MPU6050_WriteReg)
    MemManage_Handler                        0x08000e3f   Thumb Code     4  stm32f10x_it.o(i.MemManage_Handler)
    NMI_Handler                              0x08000e43   Thumb Code     2  stm32f10x_it.o(i.NMI_Handler)
    NVIC_Init                                0x08000e45   Thumb Code   100  misc.o(i.NVIC_Init)
    OLED_Clear                               0x08000eb5   Thumb Code    62  oled.o(i.OLED_Clear)
    OLED_Init                                0x08000ef5   Thumb Code   274  oled.o(i.OLED_Init)
    OLED_Set_Pos                             0x0800100d   Thumb Code    40  oled.o(i.OLED_Set_Pos)
    OLED_ShowCHinese                         0x08001035   Thumb Code   108  oled.o(i.OLED_ShowCHinese)
    OLED_ShowChar                            0x080010a5   Thumb Code   154  oled.o(i.OLED_ShowChar)
    OLED_ShowNum                             0x08001149   Thumb Code   136  oled.o(i.OLED_ShowNum)
    OLED_ShowString                          0x080011d1   Thumb Code    58  oled.o(i.OLED_ShowString)
    OLED_WR_Byte                             0x0800120b   Thumb Code    24  oled.o(i.OLED_WR_Byte)
    PendSV_Handler                           0x08001223   Thumb Code     2  stm32f10x_it.o(i.PendSV_Handler)
    RCC_APB1PeriphClockCmd                   0x08001225   Thumb Code    26  stm32f10x_rcc.o(i.RCC_APB1PeriphClockCmd)
    RCC_APB2PeriphClockCmd                   0x08001245   Thumb Code    26  stm32f10x_rcc.o(i.RCC_APB2PeriphClockCmd)
    RCC_GetClocksFreq                        0x08001265   Thumb Code   192  stm32f10x_rcc.o(i.RCC_GetClocksFreq)
    SVC_Handler                              0x08001339   Thumb Code     2  stm32f10x_it.o(i.SVC_Handler)
    Servo_Init                               0x0800133d   Thumb Code   136  servo.o(i.Servo_Init)
    Stepper_Init                             0x080014b5   Thumb Code    16  stepper.o(i.Stepper_Init)
    SysTick_CLKSourceConfig                  0x080014c5   Thumb Code    40  misc.o(i.SysTick_CLKSourceConfig)
    SysTick_Handler                          0x080014ed   Thumb Code     2  stm32f10x_it.o(i.SysTick_Handler)
    SysTick_Init                             0x080014f1   Thumb Code    52  systick.o(i.SysTick_Init)
    SystemInit                               0x0800152d   Thumb Code    78  system_stm32f10x.o(i.SystemInit)
    TIM_ARRPreloadConfig                     0x08001639   Thumb Code    24  stm32f10x_tim.o(i.TIM_ARRPreloadConfig)
    TIM_Cmd                                  0x08001651   Thumb Code    24  stm32f10x_tim.o(i.TIM_Cmd)
    TIM_OC2Init                              0x08001669   Thumb Code   154  stm32f10x_tim.o(i.TIM_OC2Init)
    TIM_OC2PreloadConfig                     0x0800170d   Thumb Code    26  stm32f10x_tim.o(i.TIM_OC2PreloadConfig)
    TIM_OC3Init                              0x08001729   Thumb Code   150  stm32f10x_tim.o(i.TIM_OC3Init)
    TIM_OC3PreloadConfig                     0x080017c9   Thumb Code    18  stm32f10x_tim.o(i.TIM_OC3PreloadConfig)
    TIM_SetCompare2                          0x080017db   Thumb Code     4  stm32f10x_tim.o(i.TIM_SetCompare2)
    TIM_SetCompare3                          0x080017df   Thumb Code     4  stm32f10x_tim.o(i.TIM_SetCompare3)
    TIM_TimeBaseInit                         0x080017e5   Thumb Code   122  stm32f10x_tim.o(i.TIM_TimeBaseInit)
    Trigger_Control                          0x08001889   Thumb Code    62  servo.o(i.Trigger_Control)
    Trigger_Control1                         0x080018cd   Thumb Code    62  servo.o(i.Trigger_Control1)
    USART1_IRQHandler                        0x08001911   Thumb Code   190  usart.o(i.USART1_IRQHandler)
    USART_Cmd                                0x080019e1   Thumb Code    24  stm32f10x_usart.o(i.USART_Cmd)
    USART_GetITStatus                        0x080019f9   Thumb Code    84  stm32f10x_usart.o(i.USART_GetITStatus)
    USART_ITConfig                           0x08001a4d   Thumb Code    74  stm32f10x_usart.o(i.USART_ITConfig)
    USART_Init                               0x08001a99   Thumb Code   210  stm32f10x_usart.o(i.USART_Init)
    USART_ReceiveData                        0x08001b71   Thumb Code    10  stm32f10x_usart.o(i.USART_ReceiveData)
    UsageFault_Handler                       0x08001b7b   Thumb Code     4  stm32f10x_it.o(i.UsageFault_Handler)
    Write_IIC_Byte                           0x08001b81   Thumb Code    88  oled.o(i.Write_IIC_Byte)
    Write_IIC_Command                        0x08001bdd   Thumb Code    44  oled.o(i.Write_IIC_Command)
    Write_IIC_Data                           0x08001c09   Thumb Code    44  oled.o(i.Write_IIC_Data)
    __0printf$1                              0x08001c35   Thumb Code    22  printf1.o(i.__0printf$1)
    __1printf$1                              0x08001c35   Thumb Code     0  printf1.o(i.__0printf$1)
    __2printf                                0x08001c35   Thumb Code     0  printf1.o(i.__0printf$1)
    __ARM_fpclassify                         0x08001c55   Thumb Code    40  fpclassify.o(i.__ARM_fpclassify)
    __kernel_poly                            0x08001c7d   Thumb Code   170  poly.o(i.__kernel_poly)
    __mathlib_dbl_infnan                     0x08001d27   Thumb Code     6  dunder.o(i.__mathlib_dbl_infnan)
    __mathlib_dbl_infnan2                    0x08001d2d   Thumb Code     4  dunder.o(i.__mathlib_dbl_infnan2)
    __mathlib_dbl_underflow                  0x08001d31   Thumb Code    10  dunder.o(i.__mathlib_dbl_underflow)
    __scatterload_copy                       0x08001d41   Thumb Code    14  handlers.o(i.__scatterload_copy)
    __scatterload_null                       0x08001d4f   Thumb Code     2  handlers.o(i.__scatterload_null)
    __scatterload_zeroinit                   0x08001d51   Thumb Code    14  handlers.o(i.__scatterload_zeroinit)
    atan                                     0x08001eb5   Thumb Code   474  atan.o(i.atan)
    atan2                                    0x080020d5   Thumb Code   346  atan2.o(i.atan2)
    back1                                    0x08002255   Thumb Code    34  stepper.o(i.back1)
    back2                                    0x0800227d   Thumb Code    34  stepper.o(i.back2)
    charge_fire                              0x080022a5   Thumb Code    28  light.o(i.charge_fire)
    control                                  0x080022c5   Thumb Code   572  control.o(i.control)
    control1                                 0x0800254d   Thumb Code   402  control.o(i.control1)
    delay_ms                                 0x08002705   Thumb Code    72  systick.o(i.delay_ms)
    fire                                     0x08002751   Thumb Code   144  control.o(i.fire)
    fputc                                    0x080027f9   Thumb Code    24  usart.o(i.fputc)
    go1                                      0x08002815   Thumb Code    34  stepper.o(i.go1)
    go2                                      0x0800283d   Thumb Code    34  stepper.o(i.go2)
    goackback                                0x08002865   Thumb Code    22  control.o(i.goackback)
    goackstraight                            0x0800287b   Thumb Code    22  control.o(i.goackstraight)
    goackstraight1                           0x08002891   Thumb Code    24  control.o(i.goackstraight1)
    goback                                   0x080028a9   Thumb Code    22  control.o(i.goback)
    goback1                                  0x080028bf   Thumb Code    24  control.o(i.goback1)
    gostraight                               0x080028d7   Thumb Code    22  control.o(i.gostraight)
    gostraight1                              0x080028ed   Thumb Code    24  control.o(i.gostraight1)
    i2c_Ack                                  0x08002905   Thumb Code    44  bsp_i2c.o(i.i2c_Ack)
    i2c_GPIO_Config                          0x08002945   Thumb Code    42  bsp_i2c.o(i.i2c_GPIO_Config)
    i2c_NAck                                 0x08002975   Thumb Code    36  bsp_i2c.o(i.i2c_NAck)
    i2c_ReadByte                             0x0800299d   Thumb Code    76  bsp_i2c.o(i.i2c_ReadByte)
    i2c_SendByte                             0x080029ed   Thumb Code    80  bsp_i2c.o(i.i2c_SendByte)
    i2c_Start                                0x08002a41   Thumb Code    42  bsp_i2c.o(i.i2c_Start)
    i2c_Stop                                 0x08002a71   Thumb Code    28  bsp_i2c.o(i.i2c_Stop)
    i2c_WaitAck                              0x08002a91   Thumb Code    56  bsp_i2c.o(i.i2c_WaitAck)
    main                                     0x08002acd   Thumb Code   386  main.o(i.main)
    oled_pow                                 0x08002c95   Thumb Code    22  oled.o(i.oled_pow)
    shooting                                 0x08002cab   Thumb Code    28  servo.o(i.shooting)
    stop                                     0x08002cc7   Thumb Code    24  stepper.o(i.stop)
    uart_init                                0x08002ce1   Thumb Code   152  usart.o(i.uart_init)
    F6x8                                     0x08002d80   Data         552  oled.o(.constdata)
    F8X16                                    0x08002fa8   Data        1520  oled.o(.constdata)
    __mathlib_zero                           0x08003630   Data           8  qnan.o(.constdata)
    Region$$Table$$Base                      0x08003680   Number         0  anon$$obj.o(Region$$Table)
    Region$$Table$$Limit                     0x080036a0   Number         0  anon$$obj.o(Region$$Table)
    x_nAcc                                   0x20000000   Data           2  main.o(.data)
    y_nAcc                                   0x20000002   Data           2  main.o(.data)
    z_nAcc                                   0x20000004   Data           2  main.o(.data)
    x_nGyro                                  0x20000006   Data           2  main.o(.data)
    y_nGyro                                  0x20000008   Data           2  main.o(.data)
    z_nGyro                                  0x2000000a   Data           2  main.o(.data)
    x_fAcc                                   0x2000000c   Data           4  main.o(.data)
    y_fAcc                                   0x20000010   Data           4  main.o(.data)
    z_fAcc                                   0x20000014   Data           4  main.o(.data)
    g_fAccAngle                              0x20000018   Data           4  main.o(.data)
    g_fGyroAngleSpeed                        0x2000001c   Data           4  main.o(.data)
    g_fCarAngle                              0x20000020   Data           4  main.o(.data)
    s_dt                                     0x20000024   Data           4  main.o(.data)
    angle                                    0x20000028   Data           4  main.o(.data)
    a                                        0x2000002c   Data           4  main.o(.data)
    i                                        0x20000030   Data           4  control.o(.data)
    t                                        0x20000034   Data           4  control.o(.data)
    q                                        0x20000038   Data           4  control.o(.data)
    recv1_data_ok                            0x20000054   Data           1  usart.o(.data)
    data_number                              0x20000055   Data           1  usart.o(.data)
    rec_start                                0x20000056   Data           1  usart.o(.data)
    star_buffer                              0x20000057   Data           1  usart.o(.data)
    control_data                             0x20000058   Data          10  usart.o(.data)
    __stdout                                 0x20000064   Data           4  usart.o(.data)
    USART_RX_STA                             0x20000068   Data           2  usart.o(.data)
    Hzk                                      0x2000006a   Data         768  oled.o(.data)
    __initial_sp                             0x20000770   Data           0  startup_stm32f10x_hd.o(STACK)



==============================================================================

Memory Map of the image

  Image Entry point : 0x08000131

  Load Region LR_IROM1 (Base: 0x08000000, Size: 0x00003a10, Max: 0x00040000, ABSOLUTE, COMPRESSED[0x00003800])

    Execution Region ER_IROM1 (Exec base: 0x08000000, Load base: 0x08000000, Size: 0x000036a0, Max: 0x00040000, ABSOLUTE)

    Exec Addr    Load Addr    Size         Type   Attr      Idx    E Section Name        Object

    0x08000000   0x08000000   0x00000130   Data   RO          328    RESET               startup_stm32f10x_hd.o
    0x08000130   0x08000130   0x00000000   Code   RO         3852  * .ARM.Collect$$$$00000000  mc_w.l(entry.o)
    0x08000130   0x08000130   0x00000004   Code   RO         4167    .ARM.Collect$$$$00000001  mc_w.l(entry2.o)
    0x08000134   0x08000134   0x00000004   Code   RO         4170    .ARM.Collect$$$$00000004  mc_w.l(entry5.o)
    0x08000138   0x08000138   0x00000000   Code   RO         4172    .ARM.Collect$$$$00000008  mc_w.l(entry7b.o)
    0x08000138   0x08000138   0x00000000   Code   RO         4174    .ARM.Collect$$$$0000000A  mc_w.l(entry8b.o)
    0x08000138   0x08000138   0x00000008   Code   RO         4175    .ARM.Collect$$$$0000000B  mc_w.l(entry9a.o)
    0x08000140   0x08000140   0x00000000   Code   RO         4177    .ARM.Collect$$$$0000000D  mc_w.l(entry10a.o)
    0x08000140   0x08000140   0x00000000   Code   RO         4179    .ARM.Collect$$$$0000000F  mc_w.l(entry11a.o)
    0x08000140   0x08000140   0x00000004   Code   RO         4168    .ARM.Collect$$$$00002712  mc_w.l(entry2.o)
    0x08000144   0x08000144   0x00000024   Code   RO          329    .text               startup_stm32f10x_hd.o
    0x08000168   0x08000168   0x000000b0   Code   RO         4116    .text               mf_w.l(fadd.o)
    0x08000218   0x08000218   0x00000064   Code   RO         4118    .text               mf_w.l(fmul.o)
    0x0800027c   0x0800027c   0x0000014e   Code   RO         4120    .text               mf_w.l(dadd.o)
    0x080003ca   0x080003ca   0x000000e4   Code   RO         4122    .text               mf_w.l(dmul.o)
    0x080004ae   0x080004ae   0x000000de   Code   RO         4124    .text               mf_w.l(ddiv.o)
    0x0800058c   0x0800058c   0x00000022   Code   RO         4126    .text               mf_w.l(dflti.o)
    0x080005ae   0x080005ae   0x00000032   Code   RO         4128    .text               mf_w.l(ffixi.o)
    0x080005e0   0x080005e0   0x00000028   Code   RO         4130    .text               mf_w.l(ffixui.o)
    0x08000608   0x08000608   0x0000003e   Code   RO         4132    .text               mf_w.l(dfixi.o)
    0x08000646   0x08000646   0x00000026   Code   RO         4134    .text               mf_w.l(f2d.o)
    0x0800066c   0x0800066c   0x00000038   Code   RO         4136    .text               mf_w.l(d2f.o)
    0x080006a4   0x080006a4   0x00000014   Code   RO         4138    .text               mf_w.l(cfcmple.o)
    0x080006b8   0x080006b8   0x00000014   Code   RO         4140    .text               mf_w.l(cfrcmple.o)
    0x080006cc   0x080006cc   0x0000002c   Code   RO         4181    .text               mc_w.l(uidiv.o)
    0x080006f8   0x080006f8   0x0000001e   Code   RO         4185    .text               mc_w.l(llshl.o)
    0x08000716   0x08000716   0x00000020   Code   RO         4187    .text               mc_w.l(llushr.o)
    0x08000736   0x08000736   0x00000024   Code   RO         4189    .text               mc_w.l(llsshr.o)
    0x0800075a   0x0800075a   0x00000000   Code   RO         4198    .text               mc_w.l(iusefp.o)
    0x0800075a   0x0800075a   0x0000006e   Code   RO         4199    .text               mf_w.l(fepilogue.o)
    0x080007c8   0x080007c8   0x000000ba   Code   RO         4201    .text               mf_w.l(depilogue.o)
    0x08000882   0x08000882   0x00000002   PAD
    0x08000884   0x08000884   0x00000024   Code   RO         4211    .text               mc_w.l(init.o)
    0x080008a8   0x080008a8   0x0000002e   Code   RO         4213    .text               mf_w.l(dscalb.o)
    0x080008d6   0x080008d6   0x00000056   Code   RO         4223    .text               mc_w.l(__dczerorl2.o)
    0x0800092c   0x0800092c   0x00000004   Code   RO          161    i.BusFault_Handler  stm32f10x_it.o
    0x08000930   0x08000930   0x00000068   Code   RO            1    i.ComplementaryFilter  main.o
    0x08000998   0x08000998   0x0000002c   Code   RO         3345    i.DIR_Init          stepper.o
    0x080009c4   0x080009c4   0x00000002   Code   RO          162    i.DebugMon_Handler  stm32f10x_it.o
    0x080009c6   0x080009c6   0x00000116   Code   RO          340    i.GPIO_Init         stm32f10x_gpio.o
    0x08000adc   0x08000adc   0x00000012   Code   RO          344    i.GPIO_ReadInputDataBit  stm32f10x_gpio.o
    0x08000aee   0x08000aee   0x00000004   Code   RO          347    i.GPIO_ResetBits    stm32f10x_gpio.o
    0x08000af2   0x08000af2   0x00000004   Code   RO          348    i.GPIO_SetBits      stm32f10x_gpio.o
    0x08000af6   0x08000af6   0x00000004   Code   RO          163    i.HardFault_Handler  stm32f10x_it.o
    0x08000afa   0x08000afa   0x00000002   PAD
    0x08000afc   0x08000afc   0x00000030   Code   RO         3475    i.IIC_Start1        oled.o
    0x08000b2c   0x08000b2c   0x00000028   Code   RO         3476    i.IIC_Stop          oled.o
    0x08000b54   0x08000b54   0x0000001c   Code   RO         3477    i.IIC_Wait_Ack      oled.o
    0x08000b70   0x08000b70   0x0000005c   Code   RO         3406    i.KEY_GPIO_Init     key.o
    0x08000bcc   0x08000bcc   0x00000008   Code   RO         3407    i.KEY_Init          key.o
    0x08000bd4   0x08000bd4   0x000000a8   Code   RO         3408    i.KEY_Scan          key.o
    0x08000c7c   0x08000c7c   0x0000002c   Code   RO         3779    i.Light_Init        light.o
    0x08000ca8   0x08000ca8   0x00000040   Code   RO         3721    i.MPU6050ReadAcc    mpu6050.o
    0x08000ce8   0x08000ce8   0x00000040   Code   RO         3722    i.MPU6050ReadGyro   mpu6050.o
    0x08000d28   0x08000d28   0x00000048   Code   RO         3723    i.MPU6050ReadID     mpu6050.o
    0x08000d70   0x08000d70   0x00000048   Code   RO         3725    i.MPU6050_Init      mpu6050.o
    0x08000db8   0x08000db8   0x00000058   Code   RO         3726    i.MPU6050_ReadData  mpu6050.o
    0x08000e10   0x08000e10   0x0000002e   Code   RO         3728    i.MPU6050_WriteReg  mpu6050.o
    0x08000e3e   0x08000e3e   0x00000004   Code   RO          164    i.MemManage_Handler  stm32f10x_it.o
    0x08000e42   0x08000e42   0x00000002   Code   RO          165    i.NMI_Handler       stm32f10x_it.o
    0x08000e44   0x08000e44   0x00000070   Code   RO          648    i.NVIC_Init         misc.o
    0x08000eb4   0x08000eb4   0x0000003e   Code   RO         3478    i.OLED_Clear        oled.o
    0x08000ef2   0x08000ef2   0x00000002   PAD
    0x08000ef4   0x08000ef4   0x00000118   Code   RO         3482    i.OLED_Init         oled.o
    0x0800100c   0x0800100c   0x00000028   Code   RO         3484    i.OLED_Set_Pos      oled.o
    0x08001034   0x08001034   0x00000070   Code   RO         3485    i.OLED_ShowCHinese  oled.o
    0x080010a4   0x080010a4   0x000000a4   Code   RO         3486    i.OLED_ShowChar     oled.o
    0x08001148   0x08001148   0x00000088   Code   RO         3487    i.OLED_ShowNum      oled.o
    0x080011d0   0x080011d0   0x0000003a   Code   RO         3488    i.OLED_ShowString   oled.o
    0x0800120a   0x0800120a   0x00000018   Code   RO         3489    i.OLED_WR_Byte      oled.o
    0x08001222   0x08001222   0x00000002   Code   RO          166    i.PendSV_Handler    stm32f10x_it.o
    0x08001224   0x08001224   0x00000020   Code   RO          450    i.RCC_APB1PeriphClockCmd  stm32f10x_rcc.o
    0x08001244   0x08001244   0x00000020   Code   RO          452    i.RCC_APB2PeriphClockCmd  stm32f10x_rcc.o
    0x08001264   0x08001264   0x000000d4   Code   RO          460    i.RCC_GetClocksFreq  stm32f10x_rcc.o
    0x08001338   0x08001338   0x00000002   Code   RO          167    i.SVC_Handler       stm32f10x_it.o
    0x0800133a   0x0800133a   0x00000002   PAD
    0x0800133c   0x0800133c   0x00000090   Code   RO         3614    i.Servo_Init        servo.o
    0x080013cc   0x080013cc   0x00000008   Code   RO         3301    i.SetSysClock       system_stm32f10x.o
    0x080013d4   0x080013d4   0x000000e0   Code   RO         3302    i.SetSysClockTo72   system_stm32f10x.o
    0x080014b4   0x080014b4   0x00000010   Code   RO         3346    i.Stepper_Init      stepper.o
    0x080014c4   0x080014c4   0x00000028   Code   RO          652    i.SysTick_CLKSourceConfig  misc.o
    0x080014ec   0x080014ec   0x00000002   Code   RO          168    i.SysTick_Handler   stm32f10x_it.o
    0x080014ee   0x080014ee   0x00000002   PAD
    0x080014f0   0x080014f0   0x0000003c   Code   RO         3809    i.SysTick_Init      systick.o
    0x0800152c   0x0800152c   0x00000060   Code   RO         3304    i.SystemInit        system_stm32f10x.o
    0x0800158c   0x0800158c   0x00000034   Code   RO         3347    i.TIM2_GPIO_Config  stepper.o
    0x080015c0   0x080015c0   0x00000078   Code   RO         3348    i.TIM2_Mode_Config  stepper.o
    0x08001638   0x08001638   0x00000018   Code   RO          742    i.TIM_ARRPreloadConfig  stm32f10x_tim.o
    0x08001650   0x08001650   0x00000018   Code   RO          754    i.TIM_Cmd           stm32f10x_tim.o
    0x08001668   0x08001668   0x000000a4   Code   RO          788    i.TIM_OC2Init       stm32f10x_tim.o
    0x0800170c   0x0800170c   0x0000001a   Code   RO          791    i.TIM_OC2PreloadConfig  stm32f10x_tim.o
    0x08001726   0x08001726   0x00000002   PAD
    0x08001728   0x08001728   0x000000a0   Code   RO          793    i.TIM_OC3Init       stm32f10x_tim.o
    0x080017c8   0x080017c8   0x00000012   Code   RO          796    i.TIM_OC3PreloadConfig  stm32f10x_tim.o
    0x080017da   0x080017da   0x00000004   Code   RO          816    i.TIM_SetCompare2   stm32f10x_tim.o
    0x080017de   0x080017de   0x00000004   Code   RO          817    i.TIM_SetCompare3   stm32f10x_tim.o
    0x080017e2   0x080017e2   0x00000002   PAD
    0x080017e4   0x080017e4   0x000000a4   Code   RO          825    i.TIM_TimeBaseInit  stm32f10x_tim.o
    0x08001888   0x08001888   0x00000044   Code   RO         3615    i.Trigger_Control   servo.o
    0x080018cc   0x080018cc   0x00000044   Code   RO         3616    i.Trigger_Control1  servo.o
    0x08001910   0x08001910   0x000000d0   Code   RO         3434    i.USART1_IRQHandler  usart.o
    0x080019e0   0x080019e0   0x00000018   Code   RO         3071    i.USART_Cmd         stm32f10x_usart.o
    0x080019f8   0x080019f8   0x00000054   Code   RO         3075    i.USART_GetITStatus  stm32f10x_usart.o
    0x08001a4c   0x08001a4c   0x0000004a   Code   RO         3077    i.USART_ITConfig    stm32f10x_usart.o
    0x08001a96   0x08001a96   0x00000002   PAD
    0x08001a98   0x08001a98   0x000000d8   Code   RO         3078    i.USART_Init        stm32f10x_usart.o
    0x08001b70   0x08001b70   0x0000000a   Code   RO         3085    i.USART_ReceiveData  stm32f10x_usart.o
    0x08001b7a   0x08001b7a   0x00000004   Code   RO          169    i.UsageFault_Handler  stm32f10x_it.o
    0x08001b7e   0x08001b7e   0x00000002   PAD
    0x08001b80   0x08001b80   0x0000005c   Code   RO         3490    i.Write_IIC_Byte    oled.o
    0x08001bdc   0x08001bdc   0x0000002c   Code   RO         3491    i.Write_IIC_Command  oled.o
    0x08001c08   0x08001c08   0x0000002c   Code   RO         3492    i.Write_IIC_Data    oled.o
    0x08001c34   0x08001c34   0x00000020   Code   RO         3900    i.__0printf$1       mc_w.l(printf1.o)
    0x08001c54   0x08001c54   0x00000028   Code   RO         4207    i.__ARM_fpclassify  m_ws.l(fpclassify.o)
    0x08001c7c   0x08001c7c   0x000000aa   Code   RO         4209    i.__kernel_poly     m_ws.l(poly.o)
    0x08001d26   0x08001d26   0x00000006   Code   RO         4153    i.__mathlib_dbl_infnan  m_ws.l(dunder.o)
    0x08001d2c   0x08001d2c   0x00000004   Code   RO         4154    i.__mathlib_dbl_infnan2  m_ws.l(dunder.o)
    0x08001d30   0x08001d30   0x00000010   Code   RO         4158    i.__mathlib_dbl_underflow  m_ws.l(dunder.o)
    0x08001d40   0x08001d40   0x0000000e   Code   RO         4217    i.__scatterload_copy  mc_w.l(handlers.o)
    0x08001d4e   0x08001d4e   0x00000002   Code   RO         4218    i.__scatterload_null  mc_w.l(handlers.o)
    0x08001d50   0x08001d50   0x0000000e   Code   RO         4219    i.__scatterload_zeroinit  mc_w.l(handlers.o)
    0x08001d5e   0x08001d5e   0x00000002   PAD
    0x08001d60   0x08001d60   0x00000154   Code   RO         3907    i._printf_core      mc_w.l(printf1.o)
    0x08001eb4   0x08001eb4   0x00000220   Code   RO         4143    i.atan              m_ws.l(atan.o)
    0x080020d4   0x080020d4   0x00000180   Code   RO         3845    i.atan2             m_ws.l(atan2.o)
    0x08002254   0x08002254   0x00000028   Code   RO         3349    i.back1             stepper.o
    0x0800227c   0x0800227c   0x00000028   Code   RO         3350    i.back2             stepper.o
    0x080022a4   0x080022a4   0x00000020   Code   RO         3780    i.charge_fire       light.o
    0x080022c4   0x080022c4   0x00000288   Code   RO          246    i.control           control.o
    0x0800254c   0x0800254c   0x000001b8   Code   RO          247    i.control1          control.o
    0x08002704   0x08002704   0x0000004c   Code   RO         3810    i.delay_ms          systick.o
    0x08002750   0x08002750   0x000000a8   Code   RO          248    i.fire              control.o
    0x080027f8   0x080027f8   0x0000001c   Code   RO         3436    i.fputc             usart.o
    0x08002814   0x08002814   0x00000028   Code   RO         3351    i.go1               stepper.o
    0x0800283c   0x0800283c   0x00000028   Code   RO         3352    i.go2               stepper.o
    0x08002864   0x08002864   0x00000016   Code   RO          249    i.goackback         control.o
    0x0800287a   0x0800287a   0x00000016   Code   RO          251    i.goackstraight     control.o
    0x08002890   0x08002890   0x00000018   Code   RO          252    i.goackstraight1    control.o
    0x080028a8   0x080028a8   0x00000016   Code   RO          253    i.goback            control.o
    0x080028be   0x080028be   0x00000018   Code   RO          254    i.goback1           control.o
    0x080028d6   0x080028d6   0x00000016   Code   RO          255    i.gostraight        control.o
    0x080028ec   0x080028ec   0x00000018   Code   RO          256    i.gostraight1       control.o
    0x08002904   0x08002904   0x00000030   Code   RO         3650    i.i2c_Ack           bsp_i2c.o
    0x08002934   0x08002934   0x0000000e   Code   RO         3652    i.i2c_Delay         bsp_i2c.o
    0x08002942   0x08002942   0x00000002   PAD
    0x08002944   0x08002944   0x00000030   Code   RO         3653    i.i2c_GPIO_Config   bsp_i2c.o
    0x08002974   0x08002974   0x00000028   Code   RO         3654    i.i2c_NAck          bsp_i2c.o
    0x0800299c   0x0800299c   0x00000050   Code   RO         3655    i.i2c_ReadByte      bsp_i2c.o
    0x080029ec   0x080029ec   0x00000054   Code   RO         3656    i.i2c_SendByte      bsp_i2c.o
    0x08002a40   0x08002a40   0x00000030   Code   RO         3657    i.i2c_Start         bsp_i2c.o
    0x08002a70   0x08002a70   0x00000020   Code   RO         3658    i.i2c_Stop          bsp_i2c.o
    0x08002a90   0x08002a90   0x0000003c   Code   RO         3659    i.i2c_WaitAck       bsp_i2c.o
    0x08002acc   0x08002acc   0x000001c8   Code   RO            2    i.main              main.o
    0x08002c94   0x08002c94   0x00000016   Code   RO         3494    i.oled_pow          oled.o
    0x08002caa   0x08002caa   0x0000001c   Code   RO         3617    i.shooting          servo.o
    0x08002cc6   0x08002cc6   0x00000018   Code   RO         3353    i.stop              stepper.o
    0x08002cde   0x08002cde   0x00000002   PAD
    0x08002ce0   0x08002ce0   0x000000a0   Code   RO         3437    i.uart_init         usart.o
    0x08002d80   0x08002d80   0x00000818   Data   RO         3495    .constdata          oled.o
    0x08003598   0x08003598   0x00000098   Data   RO         4144    .constdata          m_ws.l(atan.o)
    0x08003630   0x08003630   0x00000008   Data   RO         4166    .constdata          m_ws.l(qnan.o)
    0x08003638   0x08003638   0x00000048   Data   RO         3729    .conststring        mpu6050.o
    0x08003680   0x08003680   0x00000020   Data   RO         4215    Region$$Table       anon$$obj.o


    Execution Region RW_IRAM1 (Exec base: 0x20000000, Load base: 0x080036a0, Size: 0x00000770, Max: 0x0000c000, ABSOLUTE, COMPRESSED[0x00000160])

    Exec Addr    Load Addr    Size         Type   Attr      Idx    E Section Name        Object

    0x20000000   COMPRESSED   0x00000030   Data   RW            3    .data               main.o
    0x20000030   COMPRESSED   0x0000000c   Data   RW          257    .data               control.o
    0x2000003c   COMPRESSED   0x00000014   Data   RW          480    .data               stm32f10x_rcc.o
    0x20000050   COMPRESSED   0x00000001   Data   RW         3409    .data               key.o
    0x20000051   COMPRESSED   0x00000003   PAD
    0x20000054   COMPRESSED   0x00000016   Data   RW         3439    .data               usart.o
    0x2000006a   COMPRESSED   0x00000300   Data   RW         3496    .data               oled.o
    0x2000036a   COMPRESSED   0x00000004   Data   RW         3813    .data               systick.o
    0x2000036e   COMPRESSED   0x00000002   PAD
    0x20000370        -       0x00000400   Zero   RW          326    STACK               startup_stm32f10x_hd.o


==============================================================================

Image component sizes


      Code (inc. data)   RO Data    RW Data    ZI Data      Debug   Object Name

       454         36          0          0          0       4358   bsp_i2c.o
      1416        138          0         12          0       5191   control.o
       268         22          0          1          0       1518   key.o
        76         10          0          0          0        947   light.o
       560         84          0         48          0     254832   main.o
       152         12          0          0          0       1626   misc.o
       406         24         72          0          0       3396   mpu6050.o
      1194         38       2072        768          0       9480   oled.o
       308         20          0          0          0       2069   servo.o
        36          8        304          0       1024        824   startup_stm32f10x_hd.o
       416         36          0          0          0       4293   stepper.o
       304          0          0          0          0       3780   stm32f10x_gpio.o
        26          0          0          0          0       3666   stm32f10x_it.o
       276         32          0         20          0       4546   stm32f10x_rcc.o
       588         62          0          0          0       6230   stm32f10x_tim.o
       408          6          0          0          0       5146   stm32f10x_usart.o
       328         28          0          0          0       1881   system_stm32f10x.o
       136         12          0          4          0       1170   systick.o
       396         30          0         22          0       3821   usart.o

    ----------------------------------------------------------------------
      7768        598       2480        880       1024     318774   Object Totals
         0          0         32          0          0          0   (incl. Generated)
        20          0          0          5          0          0   (incl. Padding)

    ----------------------------------------------------------------------

      Code (inc. data)   RO Data    RW Data    ZI Data      Debug   Library Member Name

       544         70        152          0          0        124   atan.o
       384         38          0          0          0        144   atan2.o
        26          6          0          0          0        204   dunder.o
        40          0          0          0          0         68   fpclassify.o
       170          0          0          0          0         96   poly.o
         0          0          8          0          0          0   qnan.o
        86          0          0          0          0          0   __dczerorl2.o
         0          0          0          0          0          0   entry.o
         0          0          0          0          0          0   entry10a.o
         0          0          0          0          0          0   entry11a.o
         8          4          0          0          0          0   entry2.o
         4          0          0          0          0          0   entry5.o
         0          0          0          0          0          0   entry7b.o
         0          0          0          0          0          0   entry8b.o
         8          4          0          0          0          0   entry9a.o
        30          0          0          0          0          0   handlers.o
        36          8          0          0          0         68   init.o
         0          0          0          0          0          0   iusefp.o
        30          0          0          0          0         68   llshl.o
        36          0          0          0          0         68   llsshr.o
        32          0          0          0          0         68   llushr.o
       372         14          0          0          0        184   printf1.o
        44          0          0          0          0         80   uidiv.o
        20          0          0          0          0         68   cfcmple.o
        20          0          0          0          0         68   cfrcmple.o
        56          0          0          0          0         88   d2f.o
       334          0          0          0          0        148   dadd.o
       222          0          0          0          0        100   ddiv.o
       186          0          0          0          0        176   depilogue.o
        62          0          0          0          0         80   dfixi.o
        34          0          0          0          0         76   dflti.o
       228          0          0          0          0         96   dmul.o
        46          0          0          0          0         80   dscalb.o
        38          0          0          0          0         68   f2d.o
       176          0          0          0          0        140   fadd.o
       110          0          0          0          0        168   fepilogue.o
        50          0          0          0          0         68   ffixi.o
        40          0          0          0          0         68   ffixui.o
       100          0          0          0          0         76   fmul.o

    ----------------------------------------------------------------------
      3576        144        160          0          0       2740   Library Totals
         4          0          0          0          0          0   (incl. Padding)

    ----------------------------------------------------------------------

      Code (inc. data)   RO Data    RW Data    ZI Data      Debug   Library Name

      1164        114        160          0          0        636   m_ws.l
       686         30          0          0          0        536   mc_w.l
      1722          0          0          0          0       1568   mf_w.l

    ----------------------------------------------------------------------
      3576        144        160          0          0       2740   Library Totals

    ----------------------------------------------------------------------

==============================================================================


      Code (inc. data)   RO Data    RW Data    ZI Data      Debug   

     11344        742       2640        880       1024     315298   Grand Totals
     11344        742       2640        352       1024     315298   ELF Image Totals (compressed)
     11344        742       2640        352          0          0   ROM Totals

==============================================================================

    Total RO  Size (Code + RO Data)                13984 (  13.66kB)
    Total RW  Size (RW Data + ZI Data)              1904 (   1.86kB)
    Total ROM Size (Code + RO Data + RW Data)      14336 (  14.00kB)

==============================================================================

